Archive member included to satisfy reference by file (symbol)

c:/program files (x86)/atmel/studio/7.0/toolchain/avr8/avr8-gnu-toolchain/bin/../lib/gcc/avr/5.4.0/avr5\libgcc.a(_exit.o)
                              C:/Program Files (x86)/Atmel/Studio/7.0/Packs/atmel/ATmega_DFP/1.2.209/gcc/dev/atmega328pb/avr5/crtatmega328pb.o (exit)
c:/program files (x86)/atmel/studio/7.0/toolchain/avr8/avr8-gnu-toolchain/bin/../lib/gcc/avr/5.4.0/avr5\libgcc.a(_tablejump2.o)
                              CMD/fsm.o (__tablejump2__)
c:/program files (x86)/atmel/studio/7.0/toolchain/avr8/avr8-gnu-toolchain/bin/../lib/gcc/avr/5.4.0/avr5\libgcc.a(_copy_data.o)
                              CMD/cmd.o (__do_copy_data)
c:/program files (x86)/atmel/studio/7.0/toolchain/avr8/avr8-gnu-toolchain/bin/../lib/gcc/avr/5.4.0/avr5\libgcc.a(_clear_bss.o)
                              CMD/cmdparser.o (__do_clear_bss)
c:/program files (x86)/atmel/studio/7.0/toolchain/avr8/avr8-gnu-toolchain/bin/../lib/gcc/avr/5.4.0/../../../../avr/lib/avr5\libc.a(malloc.o)
                              CMD/cmdparser.o (malloc)
c:/program files (x86)/atmel/studio/7.0/toolchain/avr8/avr8-gnu-toolchain/bin/../lib/gcc/avr/5.4.0/../../../../avr/lib/avr5\libc.a(atoi.o)
                              CMD/cmd.o (atoi)
c:/program files (x86)/atmel/studio/7.0/toolchain/avr8/avr8-gnu-toolchain/bin/../lib/gcc/avr/5.4.0/../../../../avr/lib/avr5\libc.a(memcpy_P.o)
                              IMRP/irmp.o (memcpy_P)
c:/program files (x86)/atmel/studio/7.0/toolchain/avr8/avr8-gnu-toolchain/bin/../lib/gcc/avr/5.4.0/../../../../avr/lib/avr5\libc.a(strcpy_P.o)
                              CMD/cmd.o (strcpy_P)
c:/program files (x86)/atmel/studio/7.0/toolchain/avr8/avr8-gnu-toolchain/bin/../lib/gcc/avr/5.4.0/../../../../avr/lib/avr5\libc.a(strtok.o)
                              CMD/cmdparser.o (strtok)
c:/program files (x86)/atmel/studio/7.0/toolchain/avr8/avr8-gnu-toolchain/bin/../lib/gcc/avr/5.4.0/../../../../avr/lib/avr5\libc.a(memcmp.o)
                              CMD/fsm.o (memcmp)
c:/program files (x86)/atmel/studio/7.0/toolchain/avr8/avr8-gnu-toolchain/bin/../lib/gcc/avr/5.4.0/../../../../avr/lib/avr5\libc.a(strcat.o)
                              CMD/cmd.o (strcat)
c:/program files (x86)/atmel/studio/7.0/toolchain/avr8/avr8-gnu-toolchain/bin/../lib/gcc/avr/5.4.0/../../../../avr/lib/avr5\libc.a(strcmp.o)
                              CMD/cmd.o (strcmp)
c:/program files (x86)/atmel/studio/7.0/toolchain/avr8/avr8-gnu-toolchain/bin/../lib/gcc/avr/5.4.0/../../../../avr/lib/avr5\libc.a(strcpy.o)
                              CMD/cmd.o (strcpy)
c:/program files (x86)/atmel/studio/7.0/toolchain/avr8/avr8-gnu-toolchain/bin/../lib/gcc/avr/5.4.0/../../../../avr/lib/avr5\libc.a(strlwr.o)
                              CMD/cmdparser.o (strlwr)
c:/program files (x86)/atmel/studio/7.0/toolchain/avr8/avr8-gnu-toolchain/bin/../lib/gcc/avr/5.4.0/../../../../avr/lib/avr5\libc.a(strncmp.o)
                              CMD/cmdparser.o (strncmp)
c:/program files (x86)/atmel/studio/7.0/toolchain/avr8/avr8-gnu-toolchain/bin/../lib/gcc/avr/5.4.0/../../../../avr/lib/avr5\libc.a(strtok_r.o)
                              c:/program files (x86)/atmel/studio/7.0/toolchain/avr8/avr8-gnu-toolchain/bin/../lib/gcc/avr/5.4.0/../../../../avr/lib/avr5\libc.a(strtok.o) (strtok_r)
c:/program files (x86)/atmel/studio/7.0/toolchain/avr8/avr8-gnu-toolchain/bin/../lib/gcc/avr/5.4.0/../../../../avr/lib/avr5\libc.a(itoa_ncheck.o)
                              CMD/cmd.o (__itoa_ncheck)
c:/program files (x86)/atmel/studio/7.0/toolchain/avr8/avr8-gnu-toolchain/bin/../lib/gcc/avr/5.4.0/../../../../avr/lib/avr5\libc.a(mul10.o)
                              c:/program files (x86)/atmel/studio/7.0/toolchain/avr8/avr8-gnu-toolchain/bin/../lib/gcc/avr/5.4.0/../../../../avr/lib/avr5\libc.a(atoi.o) (__mulhi_const_10)
c:/program files (x86)/atmel/studio/7.0/toolchain/avr8/avr8-gnu-toolchain/bin/../lib/gcc/avr/5.4.0/../../../../avr/lib/avr5\libc.a(utoa_ncheck.o)
                              c:/program files (x86)/atmel/studio/7.0/toolchain/avr8/avr8-gnu-toolchain/bin/../lib/gcc/avr/5.4.0/../../../../avr/lib/avr5\libc.a(itoa_ncheck.o) (__utoa_common)
c:/program files (x86)/atmel/studio/7.0/toolchain/avr8/avr8-gnu-toolchain/bin/../lib/gcc/avr/5.4.0/../../../../avr/lib/avr5\libc.a(vfprintf_std.o)
                              (vfprintf)
c:/program files (x86)/atmel/studio/7.0/toolchain/avr8/avr8-gnu-toolchain/bin/../lib/gcc/avr/5.4.0/../../../../avr/lib/avr5\libc.a(strnlen_P.o)
                              c:/program files (x86)/atmel/studio/7.0/toolchain/avr8/avr8-gnu-toolchain/bin/../lib/gcc/avr/5.4.0/../../../../avr/lib/avr5\libc.a(vfprintf_std.o) (strnlen_P)
c:/program files (x86)/atmel/studio/7.0/toolchain/avr8/avr8-gnu-toolchain/bin/../lib/gcc/avr/5.4.0/../../../../avr/lib/avr5\libc.a(strnlen.o)
                              c:/program files (x86)/atmel/studio/7.0/toolchain/avr8/avr8-gnu-toolchain/bin/../lib/gcc/avr/5.4.0/../../../../avr/lib/avr5\libc.a(vfprintf_std.o) (strnlen)
c:/program files (x86)/atmel/studio/7.0/toolchain/avr8/avr8-gnu-toolchain/bin/../lib/gcc/avr/5.4.0/../../../../avr/lib/avr5\libc.a(strrev.o)
                              c:/program files (x86)/atmel/studio/7.0/toolchain/avr8/avr8-gnu-toolchain/bin/../lib/gcc/avr/5.4.0/../../../../avr/lib/avr5\libc.a(utoa_ncheck.o) (strrev)
c:/program files (x86)/atmel/studio/7.0/toolchain/avr8/avr8-gnu-toolchain/bin/../lib/gcc/avr/5.4.0/../../../../avr/lib/avr5\libc.a(fputc.o)
                              c:/program files (x86)/atmel/studio/7.0/toolchain/avr8/avr8-gnu-toolchain/bin/../lib/gcc/avr/5.4.0/../../../../avr/lib/avr5\libc.a(vfprintf_std.o) (fputc)
c:/program files (x86)/atmel/studio/7.0/toolchain/avr8/avr8-gnu-toolchain/bin/../lib/gcc/avr/5.4.0/../../../../avr/lib/avr5\libc.a(ultoa_invert.o)
                              c:/program files (x86)/atmel/studio/7.0/toolchain/avr8/avr8-gnu-toolchain/bin/../lib/gcc/avr/5.4.0/../../../../avr/lib/avr5\libc.a(vfprintf_std.o) (__ultoa_invert)
C:/Program Files (x86)/Atmel/Studio/7.0/Packs/atmel/ATmega_DFP/1.2.209/gcc/dev/atmega328pb/avr5\libatmega328pb.a(eerd_block.o)
                              CMD/cmd.o (eeprom_read_block)
C:/Program Files (x86)/Atmel/Studio/7.0/Packs/atmel/ATmega_DFP/1.2.209/gcc/dev/atmega328pb/avr5\libatmega328pb.a(eerd_byte.o)
                              main.o (eeprom_read_byte)
C:/Program Files (x86)/Atmel/Studio/7.0/Packs/atmel/ATmega_DFP/1.2.209/gcc/dev/atmega328pb/avr5\libatmega328pb.a(eeupd_block.o)
                              CMD/cmd.o (eeprom_update_block)
C:/Program Files (x86)/Atmel/Studio/7.0/Packs/atmel/ATmega_DFP/1.2.209/gcc/dev/atmega328pb/avr5\libatmega328pb.a(eeupd_byte.o)
                              CMD/cmd.o (eeprom_update_byte)
C:/Program Files (x86)/Atmel/Studio/7.0/Packs/atmel/ATmega_DFP/1.2.209/gcc/dev/atmega328pb/avr5\libatmega328pb.a(eewr_block.o)
                              CMD/cmd.o (eeprom_write_block)
C:/Program Files (x86)/Atmel/Studio/7.0/Packs/atmel/ATmega_DFP/1.2.209/gcc/dev/atmega328pb/avr5\libatmega328pb.a(eewr_byte.o)
                              C:/Program Files (x86)/Atmel/Studio/7.0/Packs/atmel/ATmega_DFP/1.2.209/gcc/dev/atmega328pb/avr5\libatmega328pb.a(eewr_block.o) (eeprom_write_r18)
c:/program files (x86)/atmel/studio/7.0/toolchain/avr8/avr8-gnu-toolchain/bin/../lib/gcc/avr/5.4.0/avr5\libgcc.a(_prologue.o)
                              c:/program files (x86)/atmel/studio/7.0/toolchain/avr8/avr8-gnu-toolchain/bin/../lib/gcc/avr/5.4.0/../../../../avr/lib/avr5\libc.a(vfprintf_std.o) (__prologue_saves__)
c:/program files (x86)/atmel/studio/7.0/toolchain/avr8/avr8-gnu-toolchain/bin/../lib/gcc/avr/5.4.0/avr5\libgcc.a(_epilogue.o)
                              c:/program files (x86)/atmel/studio/7.0/toolchain/avr8/avr8-gnu-toolchain/bin/../lib/gcc/avr/5.4.0/../../../../avr/lib/avr5\libc.a(vfprintf_std.o) (__epilogue_restores__)

Allocating common symbols
Common symbol       size              file

irmp_data           0x6               main.o
__brkval            0x2               c:/program files (x86)/atmel/studio/7.0/toolchain/avr8/avr8-gnu-toolchain/bin/../lib/gcc/avr/5.4.0/../../../../avr/lib/avr5\libc.a(malloc.o)
uart0_line_buf      0x50              CMD/cmdparser.o
__flp               0x2               c:/program files (x86)/atmel/studio/7.0/toolchain/avr8/avr8-gnu-toolchain/bin/../lib/gcc/avr/5.4.0/../../../../avr/lib/avr5\libc.a(malloc.o)
ir_keyset           0x1ad             main.o

Discarded input sections

 .data          0x00000000        0x0 C:/Program Files (x86)/Atmel/Studio/7.0/Packs/atmel/ATmega_DFP/1.2.209/gcc/dev/atmega328pb/avr5/crtatmega328pb.o
 .bss           0x00000000        0x0 C:/Program Files (x86)/Atmel/Studio/7.0/Packs/atmel/ATmega_DFP/1.2.209/gcc/dev/atmega328pb/avr5/crtatmega328pb.o
 .text          0x00000000        0x0 CMD/cmd.o
 .data          0x00000000        0x0 CMD/cmd.o
 .bss           0x00000000        0x0 CMD/cmd.o
 .text          0x00000000        0x0 CMD/cmdparser.o
 .data          0x00000000        0x0 CMD/cmdparser.o
 .bss           0x00000000        0x0 CMD/cmdparser.o
 .text          0x00000000        0x0 CMD/fsm.o
 .data          0x00000000        0x0 CMD/fsm.o
 .bss           0x00000000        0x0 CMD/fsm.o
 .text          0x00000000        0x0 IMRP/irmp.o
 .data          0x00000000        0x0 IMRP/irmp.o
 .bss           0x00000000        0x0 IMRP/irmp.o
 .text          0x00000000        0x0 main.o
 .data          0x00000000        0x0 main.o
 .bss           0x00000000        0x0 main.o
 .text          0x00000000        0x0 UART/uart.o
 .data          0x00000000        0x0 UART/uart.o
 .bss           0x00000000        0x0 UART/uart.o
 .text.uart0_peek
                0x00000000       0x3a UART/uart.o
 .text.uart0_flush
                0x00000000        0xe UART/uart.o
 .text          0x00000000        0x0 c:/program files (x86)/atmel/studio/7.0/toolchain/avr8/avr8-gnu-toolchain/bin/../lib/gcc/avr/5.4.0/avr5\libgcc.a(_exit.o)
 .data          0x00000000        0x0 c:/program files (x86)/atmel/studio/7.0/toolchain/avr8/avr8-gnu-toolchain/bin/../lib/gcc/avr/5.4.0/avr5\libgcc.a(_exit.o)
 .bss           0x00000000        0x0 c:/program files (x86)/atmel/studio/7.0/toolchain/avr8/avr8-gnu-toolchain/bin/../lib/gcc/avr/5.4.0/avr5\libgcc.a(_exit.o)
 .text.libgcc.mul
                0x00000000        0x0 c:/program files (x86)/atmel/studio/7.0/toolchain/avr8/avr8-gnu-toolchain/bin/../lib/gcc/avr/5.4.0/avr5\libgcc.a(_exit.o)
 .text.libgcc.div
                0x00000000        0x0 c:/program files (x86)/atmel/studio/7.0/toolchain/avr8/avr8-gnu-toolchain/bin/../lib/gcc/avr/5.4.0/avr5\libgcc.a(_exit.o)
 .text.libgcc   0x00000000        0x0 c:/program files (x86)/atmel/studio/7.0/toolchain/avr8/avr8-gnu-toolchain/bin/../lib/gcc/avr/5.4.0/avr5\libgcc.a(_exit.o)
 .text.libgcc.prologue
                0x00000000        0x0 c:/program files (x86)/atmel/studio/7.0/toolchain/avr8/avr8-gnu-toolchain/bin/../lib/gcc/avr/5.4.0/avr5\libgcc.a(_exit.o)
 .text.libgcc.builtins
                0x00000000        0x0 c:/program files (x86)/atmel/studio/7.0/toolchain/avr8/avr8-gnu-toolchain/bin/../lib/gcc/avr/5.4.0/avr5\libgcc.a(_exit.o)
 .text.libgcc.fmul
                0x00000000        0x0 c:/program files (x86)/atmel/studio/7.0/toolchain/avr8/avr8-gnu-toolchain/bin/../lib/gcc/avr/5.4.0/avr5\libgcc.a(_exit.o)
 .text.libgcc.fixed
                0x00000000        0x0 c:/program files (x86)/atmel/studio/7.0/toolchain/avr8/avr8-gnu-toolchain/bin/../lib/gcc/avr/5.4.0/avr5\libgcc.a(_exit.o)
 .text          0x00000000        0x0 c:/program files (x86)/atmel/studio/7.0/toolchain/avr8/avr8-gnu-toolchain/bin/../lib/gcc/avr/5.4.0/avr5\libgcc.a(_tablejump2.o)
 .data          0x00000000        0x0 c:/program files (x86)/atmel/studio/7.0/toolchain/avr8/avr8-gnu-toolchain/bin/../lib/gcc/avr/5.4.0/avr5\libgcc.a(_tablejump2.o)
 .bss           0x00000000        0x0 c:/program files (x86)/atmel/studio/7.0/toolchain/avr8/avr8-gnu-toolchain/bin/../lib/gcc/avr/5.4.0/avr5\libgcc.a(_tablejump2.o)
 .text.libgcc.mul
                0x00000000        0x0 c:/program files (x86)/atmel/studio/7.0/toolchain/avr8/avr8-gnu-toolchain/bin/../lib/gcc/avr/5.4.0/avr5\libgcc.a(_tablejump2.o)
 .text.libgcc.div
                0x00000000        0x0 c:/program files (x86)/atmel/studio/7.0/toolchain/avr8/avr8-gnu-toolchain/bin/../lib/gcc/avr/5.4.0/avr5\libgcc.a(_tablejump2.o)
 .text.libgcc.prologue
                0x00000000        0x0 c:/program files (x86)/atmel/studio/7.0/toolchain/avr8/avr8-gnu-toolchain/bin/../lib/gcc/avr/5.4.0/avr5\libgcc.a(_tablejump2.o)
 .text.libgcc.builtins
                0x00000000        0x0 c:/program files (x86)/atmel/studio/7.0/toolchain/avr8/avr8-gnu-toolchain/bin/../lib/gcc/avr/5.4.0/avr5\libgcc.a(_tablejump2.o)
 .text.libgcc.fmul
                0x00000000        0x0 c:/program files (x86)/atmel/studio/7.0/toolchain/avr8/avr8-gnu-toolchain/bin/../lib/gcc/avr/5.4.0/avr5\libgcc.a(_tablejump2.o)
 .text.libgcc.fixed
                0x00000000        0x0 c:/program files (x86)/atmel/studio/7.0/toolchain/avr8/avr8-gnu-toolchain/bin/../lib/gcc/avr/5.4.0/avr5\libgcc.a(_tablejump2.o)
 .text          0x00000000        0x0 c:/program files (x86)/atmel/studio/7.0/toolchain/avr8/avr8-gnu-toolchain/bin/../lib/gcc/avr/5.4.0/avr5\libgcc.a(_copy_data.o)
 .data          0x00000000        0x0 c:/program files (x86)/atmel/studio/7.0/toolchain/avr8/avr8-gnu-toolchain/bin/../lib/gcc/avr/5.4.0/avr5\libgcc.a(_copy_data.o)
 .bss           0x00000000        0x0 c:/program files (x86)/atmel/studio/7.0/toolchain/avr8/avr8-gnu-toolchain/bin/../lib/gcc/avr/5.4.0/avr5\libgcc.a(_copy_data.o)
 .text.libgcc.mul
                0x00000000        0x0 c:/program files (x86)/atmel/studio/7.0/toolchain/avr8/avr8-gnu-toolchain/bin/../lib/gcc/avr/5.4.0/avr5\libgcc.a(_copy_data.o)
 .text.libgcc.div
                0x00000000        0x0 c:/program files (x86)/atmel/studio/7.0/toolchain/avr8/avr8-gnu-toolchain/bin/../lib/gcc/avr/5.4.0/avr5\libgcc.a(_copy_data.o)
 .text.libgcc   0x00000000        0x0 c:/program files (x86)/atmel/studio/7.0/toolchain/avr8/avr8-gnu-toolchain/bin/../lib/gcc/avr/5.4.0/avr5\libgcc.a(_copy_data.o)
 .text.libgcc.prologue
                0x00000000        0x0 c:/program files (x86)/atmel/studio/7.0/toolchain/avr8/avr8-gnu-toolchain/bin/../lib/gcc/avr/5.4.0/avr5\libgcc.a(_copy_data.o)
 .text.libgcc.builtins
                0x00000000        0x0 c:/program files (x86)/atmel/studio/7.0/toolchain/avr8/avr8-gnu-toolchain/bin/../lib/gcc/avr/5.4.0/avr5\libgcc.a(_copy_data.o)
 .text.libgcc.fmul
                0x00000000        0x0 c:/program files (x86)/atmel/studio/7.0/toolchain/avr8/avr8-gnu-toolchain/bin/../lib/gcc/avr/5.4.0/avr5\libgcc.a(_copy_data.o)
 .text.libgcc.fixed
                0x00000000        0x0 c:/program files (x86)/atmel/studio/7.0/toolchain/avr8/avr8-gnu-toolchain/bin/../lib/gcc/avr/5.4.0/avr5\libgcc.a(_copy_data.o)
 .text          0x00000000        0x0 c:/program files (x86)/atmel/studio/7.0/toolchain/avr8/avr8-gnu-toolchain/bin/../lib/gcc/avr/5.4.0/avr5\libgcc.a(_clear_bss.o)
 .data          0x00000000        0x0 c:/program files (x86)/atmel/studio/7.0/toolchain/avr8/avr8-gnu-toolchain/bin/../lib/gcc/avr/5.4.0/avr5\libgcc.a(_clear_bss.o)
 .bss           0x00000000        0x0 c:/program files (x86)/atmel/studio/7.0/toolchain/avr8/avr8-gnu-toolchain/bin/../lib/gcc/avr/5.4.0/avr5\libgcc.a(_clear_bss.o)
 .text.libgcc.mul
                0x00000000        0x0 c:/program files (x86)/atmel/studio/7.0/toolchain/avr8/avr8-gnu-toolchain/bin/../lib/gcc/avr/5.4.0/avr5\libgcc.a(_clear_bss.o)
 .text.libgcc.div
                0x00000000        0x0 c:/program files (x86)/atmel/studio/7.0/toolchain/avr8/avr8-gnu-toolchain/bin/../lib/gcc/avr/5.4.0/avr5\libgcc.a(_clear_bss.o)
 .text.libgcc   0x00000000        0x0 c:/program files (x86)/atmel/studio/7.0/toolchain/avr8/avr8-gnu-toolchain/bin/../lib/gcc/avr/5.4.0/avr5\libgcc.a(_clear_bss.o)
 .text.libgcc.prologue
                0x00000000        0x0 c:/program files (x86)/atmel/studio/7.0/toolchain/avr8/avr8-gnu-toolchain/bin/../lib/gcc/avr/5.4.0/avr5\libgcc.a(_clear_bss.o)
 .text.libgcc.builtins
                0x00000000        0x0 c:/program files (x86)/atmel/studio/7.0/toolchain/avr8/avr8-gnu-toolchain/bin/../lib/gcc/avr/5.4.0/avr5\libgcc.a(_clear_bss.o)
 .text.libgcc.fmul
                0x00000000        0x0 c:/program files (x86)/atmel/studio/7.0/toolchain/avr8/avr8-gnu-toolchain/bin/../lib/gcc/avr/5.4.0/avr5\libgcc.a(_clear_bss.o)
 .text.libgcc.fixed
                0x00000000        0x0 c:/program files (x86)/atmel/studio/7.0/toolchain/avr8/avr8-gnu-toolchain/bin/../lib/gcc/avr/5.4.0/avr5\libgcc.a(_clear_bss.o)
 .text          0x00000000        0x0 c:/program files (x86)/atmel/studio/7.0/toolchain/avr8/avr8-gnu-toolchain/bin/../lib/gcc/avr/5.4.0/../../../../avr/lib/avr5\libc.a(malloc.o)
 .bss           0x00000000        0x0 c:/program files (x86)/atmel/studio/7.0/toolchain/avr8/avr8-gnu-toolchain/bin/../lib/gcc/avr/5.4.0/../../../../avr/lib/avr5\libc.a(malloc.o)
 .text          0x00000000        0x0 c:/program files (x86)/atmel/studio/7.0/toolchain/avr8/avr8-gnu-toolchain/bin/../lib/gcc/avr/5.4.0/../../../../avr/lib/avr5\libc.a(atoi.o)
 .data          0x00000000        0x0 c:/program files (x86)/atmel/studio/7.0/toolchain/avr8/avr8-gnu-toolchain/bin/../lib/gcc/avr/5.4.0/../../../../avr/lib/avr5\libc.a(atoi.o)
 .bss           0x00000000        0x0 c:/program files (x86)/atmel/studio/7.0/toolchain/avr8/avr8-gnu-toolchain/bin/../lib/gcc/avr/5.4.0/../../../../avr/lib/avr5\libc.a(atoi.o)
 .text          0x00000000        0x0 c:/program files (x86)/atmel/studio/7.0/toolchain/avr8/avr8-gnu-toolchain/bin/../lib/gcc/avr/5.4.0/../../../../avr/lib/avr5\libc.a(memcpy_P.o)
 .data          0x00000000        0x0 c:/program files (x86)/atmel/studio/7.0/toolchain/avr8/avr8-gnu-toolchain/bin/../lib/gcc/avr/5.4.0/../../../../avr/lib/avr5\libc.a(memcpy_P.o)
 .bss           0x00000000        0x0 c:/program files (x86)/atmel/studio/7.0/toolchain/avr8/avr8-gnu-toolchain/bin/../lib/gcc/avr/5.4.0/../../../../avr/lib/avr5\libc.a(memcpy_P.o)
 .text          0x00000000        0x0 c:/program files (x86)/atmel/studio/7.0/toolchain/avr8/avr8-gnu-toolchain/bin/../lib/gcc/avr/5.4.0/../../../../avr/lib/avr5\libc.a(strcpy_P.o)
 .data          0x00000000        0x0 c:/program files (x86)/atmel/studio/7.0/toolchain/avr8/avr8-gnu-toolchain/bin/../lib/gcc/avr/5.4.0/../../../../avr/lib/avr5\libc.a(strcpy_P.o)
 .bss           0x00000000        0x0 c:/program files (x86)/atmel/studio/7.0/toolchain/avr8/avr8-gnu-toolchain/bin/../lib/gcc/avr/5.4.0/../../../../avr/lib/avr5\libc.a(strcpy_P.o)
 .text          0x00000000        0x0 c:/program files (x86)/atmel/studio/7.0/toolchain/avr8/avr8-gnu-toolchain/bin/../lib/gcc/avr/5.4.0/../../../../avr/lib/avr5\libc.a(strtok.o)
 .data          0x00000000        0x0 c:/program files (x86)/atmel/studio/7.0/toolchain/avr8/avr8-gnu-toolchain/bin/../lib/gcc/avr/5.4.0/../../../../avr/lib/avr5\libc.a(strtok.o)
 .text          0x00000000        0x0 c:/program files (x86)/atmel/studio/7.0/toolchain/avr8/avr8-gnu-toolchain/bin/../lib/gcc/avr/5.4.0/../../../../avr/lib/avr5\libc.a(memcmp.o)
 .data          0x00000000        0x0 c:/program files (x86)/atmel/studio/7.0/toolchain/avr8/avr8-gnu-toolchain/bin/../lib/gcc/avr/5.4.0/../../../../avr/lib/avr5\libc.a(memcmp.o)
 .bss           0x00000000        0x0 c:/program files (x86)/atmel/studio/7.0/toolchain/avr8/avr8-gnu-toolchain/bin/../lib/gcc/avr/5.4.0/../../../../avr/lib/avr5\libc.a(memcmp.o)
 .text          0x00000000        0x0 c:/program files (x86)/atmel/studio/7.0/toolchain/avr8/avr8-gnu-toolchain/bin/../lib/gcc/avr/5.4.0/../../../../avr/lib/avr5\libc.a(strcat.o)
 .data          0x00000000        0x0 c:/program files (x86)/atmel/studio/7.0/toolchain/avr8/avr8-gnu-toolchain/bin/../lib/gcc/avr/5.4.0/../../../../avr/lib/avr5\libc.a(strcat.o)
 .bss           0x00000000        0x0 c:/program files (x86)/atmel/studio/7.0/toolchain/avr8/avr8-gnu-toolchain/bin/../lib/gcc/avr/5.4.0/../../../../avr/lib/avr5\libc.a(strcat.o)
 .text          0x00000000        0x0 c:/program files (x86)/atmel/studio/7.0/toolchain/avr8/avr8-gnu-toolchain/bin/../lib/gcc/avr/5.4.0/../../../../avr/lib/avr5\libc.a(strcmp.o)
 .data          0x00000000        0x0 c:/program files (x86)/atmel/studio/7.0/toolchain/avr8/avr8-gnu-toolchain/bin/../lib/gcc/avr/5.4.0/../../../../avr/lib/avr5\libc.a(strcmp.o)
 .bss           0x00000000        0x0 c:/program files (x86)/atmel/studio/7.0/toolchain/avr8/avr8-gnu-toolchain/bin/../lib/gcc/avr/5.4.0/../../../../avr/lib/avr5\libc.a(strcmp.o)
 .text          0x00000000        0x0 c:/program files (x86)/atmel/studio/7.0/toolchain/avr8/avr8-gnu-toolchain/bin/../lib/gcc/avr/5.4.0/../../../../avr/lib/avr5\libc.a(strcpy.o)
 .data          0x00000000        0x0 c:/program files (x86)/atmel/studio/7.0/toolchain/avr8/avr8-gnu-toolchain/bin/../lib/gcc/avr/5.4.0/../../../../avr/lib/avr5\libc.a(strcpy.o)
 .bss           0x00000000        0x0 c:/program files (x86)/atmel/studio/7.0/toolchain/avr8/avr8-gnu-toolchain/bin/../lib/gcc/avr/5.4.0/../../../../avr/lib/avr5\libc.a(strcpy.o)
 .text          0x00000000        0x0 c:/program files (x86)/atmel/studio/7.0/toolchain/avr8/avr8-gnu-toolchain/bin/../lib/gcc/avr/5.4.0/../../../../avr/lib/avr5\libc.a(strlwr.o)
 .data          0x00000000        0x0 c:/program files (x86)/atmel/studio/7.0/toolchain/avr8/avr8-gnu-toolchain/bin/../lib/gcc/avr/5.4.0/../../../../avr/lib/avr5\libc.a(strlwr.o)
 .bss           0x00000000        0x0 c:/program files (x86)/atmel/studio/7.0/toolchain/avr8/avr8-gnu-toolchain/bin/../lib/gcc/avr/5.4.0/../../../../avr/lib/avr5\libc.a(strlwr.o)
 .text          0x00000000        0x0 c:/program files (x86)/atmel/studio/7.0/toolchain/avr8/avr8-gnu-toolchain/bin/../lib/gcc/avr/5.4.0/../../../../avr/lib/avr5\libc.a(strncmp.o)
 .data          0x00000000        0x0 c:/program files (x86)/atmel/studio/7.0/toolchain/avr8/avr8-gnu-toolchain/bin/../lib/gcc/avr/5.4.0/../../../../avr/lib/avr5\libc.a(strncmp.o)
 .bss           0x00000000        0x0 c:/program files (x86)/atmel/studio/7.0/toolchain/avr8/avr8-gnu-toolchain/bin/../lib/gcc/avr/5.4.0/../../../../avr/lib/avr5\libc.a(strncmp.o)
 .text          0x00000000        0x0 c:/program files (x86)/atmel/studio/7.0/toolchain/avr8/avr8-gnu-toolchain/bin/../lib/gcc/avr/5.4.0/../../../../avr/lib/avr5\libc.a(strtok_r.o)
 .data          0x00000000        0x0 c:/program files (x86)/atmel/studio/7.0/toolchain/avr8/avr8-gnu-toolchain/bin/../lib/gcc/avr/5.4.0/../../../../avr/lib/avr5\libc.a(strtok_r.o)
 .bss           0x00000000        0x0 c:/program files (x86)/atmel/studio/7.0/toolchain/avr8/avr8-gnu-toolchain/bin/../lib/gcc/avr/5.4.0/../../../../avr/lib/avr5\libc.a(strtok_r.o)
 .text          0x00000000        0x0 c:/program files (x86)/atmel/studio/7.0/toolchain/avr8/avr8-gnu-toolchain/bin/../lib/gcc/avr/5.4.0/../../../../avr/lib/avr5\libc.a(itoa_ncheck.o)
 .data          0x00000000        0x0 c:/program files (x86)/atmel/studio/7.0/toolchain/avr8/avr8-gnu-toolchain/bin/../lib/gcc/avr/5.4.0/../../../../avr/lib/avr5\libc.a(itoa_ncheck.o)
 .bss           0x00000000        0x0 c:/program files (x86)/atmel/studio/7.0/toolchain/avr8/avr8-gnu-toolchain/bin/../lib/gcc/avr/5.4.0/../../../../avr/lib/avr5\libc.a(itoa_ncheck.o)
 .text          0x00000000        0x0 c:/program files (x86)/atmel/studio/7.0/toolchain/avr8/avr8-gnu-toolchain/bin/../lib/gcc/avr/5.4.0/../../../../avr/lib/avr5\libc.a(mul10.o)
 .data          0x00000000        0x0 c:/program files (x86)/atmel/studio/7.0/toolchain/avr8/avr8-gnu-toolchain/bin/../lib/gcc/avr/5.4.0/../../../../avr/lib/avr5\libc.a(mul10.o)
 .bss           0x00000000        0x0 c:/program files (x86)/atmel/studio/7.0/toolchain/avr8/avr8-gnu-toolchain/bin/../lib/gcc/avr/5.4.0/../../../../avr/lib/avr5\libc.a(mul10.o)
 .text          0x00000000        0x0 c:/program files (x86)/atmel/studio/7.0/toolchain/avr8/avr8-gnu-toolchain/bin/../lib/gcc/avr/5.4.0/../../../../avr/lib/avr5\libc.a(utoa_ncheck.o)
 .data          0x00000000        0x0 c:/program files (x86)/atmel/studio/7.0/toolchain/avr8/avr8-gnu-toolchain/bin/../lib/gcc/avr/5.4.0/../../../../avr/lib/avr5\libc.a(utoa_ncheck.o)
 .bss           0x00000000        0x0 c:/program files (x86)/atmel/studio/7.0/toolchain/avr8/avr8-gnu-toolchain/bin/../lib/gcc/avr/5.4.0/../../../../avr/lib/avr5\libc.a(utoa_ncheck.o)
 .text          0x00000000        0x0 c:/program files (x86)/atmel/studio/7.0/toolchain/avr8/avr8-gnu-toolchain/bin/../lib/gcc/avr/5.4.0/../../../../avr/lib/avr5\libc.a(vfprintf_std.o)
 .data          0x00000000        0x0 c:/program files (x86)/atmel/studio/7.0/toolchain/avr8/avr8-gnu-toolchain/bin/../lib/gcc/avr/5.4.0/../../../../avr/lib/avr5\libc.a(vfprintf_std.o)
 .bss           0x00000000        0x0 c:/program files (x86)/atmel/studio/7.0/toolchain/avr8/avr8-gnu-toolchain/bin/../lib/gcc/avr/5.4.0/../../../../avr/lib/avr5\libc.a(vfprintf_std.o)
 .text          0x00000000        0x0 c:/program files (x86)/atmel/studio/7.0/toolchain/avr8/avr8-gnu-toolchain/bin/../lib/gcc/avr/5.4.0/../../../../avr/lib/avr5\libc.a(strnlen_P.o)
 .data          0x00000000        0x0 c:/program files (x86)/atmel/studio/7.0/toolchain/avr8/avr8-gnu-toolchain/bin/../lib/gcc/avr/5.4.0/../../../../avr/lib/avr5\libc.a(strnlen_P.o)
 .bss           0x00000000        0x0 c:/program files (x86)/atmel/studio/7.0/toolchain/avr8/avr8-gnu-toolchain/bin/../lib/gcc/avr/5.4.0/../../../../avr/lib/avr5\libc.a(strnlen_P.o)
 .text          0x00000000        0x0 c:/program files (x86)/atmel/studio/7.0/toolchain/avr8/avr8-gnu-toolchain/bin/../lib/gcc/avr/5.4.0/../../../../avr/lib/avr5\libc.a(strnlen.o)
 .data          0x00000000        0x0 c:/program files (x86)/atmel/studio/7.0/toolchain/avr8/avr8-gnu-toolchain/bin/../lib/gcc/avr/5.4.0/../../../../avr/lib/avr5\libc.a(strnlen.o)
 .bss           0x00000000        0x0 c:/program files (x86)/atmel/studio/7.0/toolchain/avr8/avr8-gnu-toolchain/bin/../lib/gcc/avr/5.4.0/../../../../avr/lib/avr5\libc.a(strnlen.o)
 .text          0x00000000        0x0 c:/program files (x86)/atmel/studio/7.0/toolchain/avr8/avr8-gnu-toolchain/bin/../lib/gcc/avr/5.4.0/../../../../avr/lib/avr5\libc.a(strrev.o)
 .data          0x00000000        0x0 c:/program files (x86)/atmel/studio/7.0/toolchain/avr8/avr8-gnu-toolchain/bin/../lib/gcc/avr/5.4.0/../../../../avr/lib/avr5\libc.a(strrev.o)
 .bss           0x00000000        0x0 c:/program files (x86)/atmel/studio/7.0/toolchain/avr8/avr8-gnu-toolchain/bin/../lib/gcc/avr/5.4.0/../../../../avr/lib/avr5\libc.a(strrev.o)
 .text          0x00000000        0x0 c:/program files (x86)/atmel/studio/7.0/toolchain/avr8/avr8-gnu-toolchain/bin/../lib/gcc/avr/5.4.0/../../../../avr/lib/avr5\libc.a(fputc.o)
 .data          0x00000000        0x0 c:/program files (x86)/atmel/studio/7.0/toolchain/avr8/avr8-gnu-toolchain/bin/../lib/gcc/avr/5.4.0/../../../../avr/lib/avr5\libc.a(fputc.o)
 .bss           0x00000000        0x0 c:/program files (x86)/atmel/studio/7.0/toolchain/avr8/avr8-gnu-toolchain/bin/../lib/gcc/avr/5.4.0/../../../../avr/lib/avr5\libc.a(fputc.o)
 .text          0x00000000        0x0 c:/program files (x86)/atmel/studio/7.0/toolchain/avr8/avr8-gnu-toolchain/bin/../lib/gcc/avr/5.4.0/../../../../avr/lib/avr5\libc.a(ultoa_invert.o)
 .data          0x00000000        0x0 c:/program files (x86)/atmel/studio/7.0/toolchain/avr8/avr8-gnu-toolchain/bin/../lib/gcc/avr/5.4.0/../../../../avr/lib/avr5\libc.a(ultoa_invert.o)
 .bss           0x00000000        0x0 c:/program files (x86)/atmel/studio/7.0/toolchain/avr8/avr8-gnu-toolchain/bin/../lib/gcc/avr/5.4.0/../../../../avr/lib/avr5\libc.a(ultoa_invert.o)
 .text          0x00000000        0x0 C:/Program Files (x86)/Atmel/Studio/7.0/Packs/atmel/ATmega_DFP/1.2.209/gcc/dev/atmega328pb/avr5\libatmega328pb.a(eerd_block.o)
 .data          0x00000000        0x0 C:/Program Files (x86)/Atmel/Studio/7.0/Packs/atmel/ATmega_DFP/1.2.209/gcc/dev/atmega328pb/avr5\libatmega328pb.a(eerd_block.o)
 .bss           0x00000000        0x0 C:/Program Files (x86)/Atmel/Studio/7.0/Packs/atmel/ATmega_DFP/1.2.209/gcc/dev/atmega328pb/avr5\libatmega328pb.a(eerd_block.o)
 .text          0x00000000        0x0 C:/Program Files (x86)/Atmel/Studio/7.0/Packs/atmel/ATmega_DFP/1.2.209/gcc/dev/atmega328pb/avr5\libatmega328pb.a(eerd_byte.o)
 .data          0x00000000        0x0 C:/Program Files (x86)/Atmel/Studio/7.0/Packs/atmel/ATmega_DFP/1.2.209/gcc/dev/atmega328pb/avr5\libatmega328pb.a(eerd_byte.o)
 .bss           0x00000000        0x0 C:/Program Files (x86)/Atmel/Studio/7.0/Packs/atmel/ATmega_DFP/1.2.209/gcc/dev/atmega328pb/avr5\libatmega328pb.a(eerd_byte.o)
 .text          0x00000000        0x0 C:/Program Files (x86)/Atmel/Studio/7.0/Packs/atmel/ATmega_DFP/1.2.209/gcc/dev/atmega328pb/avr5\libatmega328pb.a(eeupd_block.o)
 .data          0x00000000        0x0 C:/Program Files (x86)/Atmel/Studio/7.0/Packs/atmel/ATmega_DFP/1.2.209/gcc/dev/atmega328pb/avr5\libatmega328pb.a(eeupd_block.o)
 .bss           0x00000000        0x0 C:/Program Files (x86)/Atmel/Studio/7.0/Packs/atmel/ATmega_DFP/1.2.209/gcc/dev/atmega328pb/avr5\libatmega328pb.a(eeupd_block.o)
 .text          0x00000000        0x0 C:/Program Files (x86)/Atmel/Studio/7.0/Packs/atmel/ATmega_DFP/1.2.209/gcc/dev/atmega328pb/avr5\libatmega328pb.a(eeupd_byte.o)
 .data          0x00000000        0x0 C:/Program Files (x86)/Atmel/Studio/7.0/Packs/atmel/ATmega_DFP/1.2.209/gcc/dev/atmega328pb/avr5\libatmega328pb.a(eeupd_byte.o)
 .bss           0x00000000        0x0 C:/Program Files (x86)/Atmel/Studio/7.0/Packs/atmel/ATmega_DFP/1.2.209/gcc/dev/atmega328pb/avr5\libatmega328pb.a(eeupd_byte.o)
 .text          0x00000000        0x0 C:/Program Files (x86)/Atmel/Studio/7.0/Packs/atmel/ATmega_DFP/1.2.209/gcc/dev/atmega328pb/avr5\libatmega328pb.a(eewr_block.o)
 .data          0x00000000        0x0 C:/Program Files (x86)/Atmel/Studio/7.0/Packs/atmel/ATmega_DFP/1.2.209/gcc/dev/atmega328pb/avr5\libatmega328pb.a(eewr_block.o)
 .bss           0x00000000        0x0 C:/Program Files (x86)/Atmel/Studio/7.0/Packs/atmel/ATmega_DFP/1.2.209/gcc/dev/atmega328pb/avr5\libatmega328pb.a(eewr_block.o)
 .text          0x00000000        0x0 C:/Program Files (x86)/Atmel/Studio/7.0/Packs/atmel/ATmega_DFP/1.2.209/gcc/dev/atmega328pb/avr5\libatmega328pb.a(eewr_byte.o)
 .data          0x00000000        0x0 C:/Program Files (x86)/Atmel/Studio/7.0/Packs/atmel/ATmega_DFP/1.2.209/gcc/dev/atmega328pb/avr5\libatmega328pb.a(eewr_byte.o)
 .bss           0x00000000        0x0 C:/Program Files (x86)/Atmel/Studio/7.0/Packs/atmel/ATmega_DFP/1.2.209/gcc/dev/atmega328pb/avr5\libatmega328pb.a(eewr_byte.o)
 .text          0x00000000        0x0 c:/program files (x86)/atmel/studio/7.0/toolchain/avr8/avr8-gnu-toolchain/bin/../lib/gcc/avr/5.4.0/avr5\libgcc.a(_prologue.o)
 .data          0x00000000        0x0 c:/program files (x86)/atmel/studio/7.0/toolchain/avr8/avr8-gnu-toolchain/bin/../lib/gcc/avr/5.4.0/avr5\libgcc.a(_prologue.o)
 .bss           0x00000000        0x0 c:/program files (x86)/atmel/studio/7.0/toolchain/avr8/avr8-gnu-toolchain/bin/../lib/gcc/avr/5.4.0/avr5\libgcc.a(_prologue.o)
 .text.libgcc.mul
                0x00000000        0x0 c:/program files (x86)/atmel/studio/7.0/toolchain/avr8/avr8-gnu-toolchain/bin/../lib/gcc/avr/5.4.0/avr5\libgcc.a(_prologue.o)
 .text.libgcc.div
                0x00000000        0x0 c:/program files (x86)/atmel/studio/7.0/toolchain/avr8/avr8-gnu-toolchain/bin/../lib/gcc/avr/5.4.0/avr5\libgcc.a(_prologue.o)
 .text.libgcc   0x00000000        0x0 c:/program files (x86)/atmel/studio/7.0/toolchain/avr8/avr8-gnu-toolchain/bin/../lib/gcc/avr/5.4.0/avr5\libgcc.a(_prologue.o)
 .text.libgcc.builtins
                0x00000000        0x0 c:/program files (x86)/atmel/studio/7.0/toolchain/avr8/avr8-gnu-toolchain/bin/../lib/gcc/avr/5.4.0/avr5\libgcc.a(_prologue.o)
 .text.libgcc.fmul
                0x00000000        0x0 c:/program files (x86)/atmel/studio/7.0/toolchain/avr8/avr8-gnu-toolchain/bin/../lib/gcc/avr/5.4.0/avr5\libgcc.a(_prologue.o)
 .text.libgcc.fixed
                0x00000000        0x0 c:/program files (x86)/atmel/studio/7.0/toolchain/avr8/avr8-gnu-toolchain/bin/../lib/gcc/avr/5.4.0/avr5\libgcc.a(_prologue.o)
 .text          0x00000000        0x0 c:/program files (x86)/atmel/studio/7.0/toolchain/avr8/avr8-gnu-toolchain/bin/../lib/gcc/avr/5.4.0/avr5\libgcc.a(_epilogue.o)
 .data          0x00000000        0x0 c:/program files (x86)/atmel/studio/7.0/toolchain/avr8/avr8-gnu-toolchain/bin/../lib/gcc/avr/5.4.0/avr5\libgcc.a(_epilogue.o)
 .bss           0x00000000        0x0 c:/program files (x86)/atmel/studio/7.0/toolchain/avr8/avr8-gnu-toolchain/bin/../lib/gcc/avr/5.4.0/avr5\libgcc.a(_epilogue.o)
 .text.libgcc.mul
                0x00000000        0x0 c:/program files (x86)/atmel/studio/7.0/toolchain/avr8/avr8-gnu-toolchain/bin/../lib/gcc/avr/5.4.0/avr5\libgcc.a(_epilogue.o)
 .text.libgcc.div
                0x00000000        0x0 c:/program files (x86)/atmel/studio/7.0/toolchain/avr8/avr8-gnu-toolchain/bin/../lib/gcc/avr/5.4.0/avr5\libgcc.a(_epilogue.o)
 .text.libgcc   0x00000000        0x0 c:/program files (x86)/atmel/studio/7.0/toolchain/avr8/avr8-gnu-toolchain/bin/../lib/gcc/avr/5.4.0/avr5\libgcc.a(_epilogue.o)
 .text.libgcc.builtins
                0x00000000        0x0 c:/program files (x86)/atmel/studio/7.0/toolchain/avr8/avr8-gnu-toolchain/bin/../lib/gcc/avr/5.4.0/avr5\libgcc.a(_epilogue.o)
 .text.libgcc.fmul
                0x00000000        0x0 c:/program files (x86)/atmel/studio/7.0/toolchain/avr8/avr8-gnu-toolchain/bin/../lib/gcc/avr/5.4.0/avr5\libgcc.a(_epilogue.o)
 .text.libgcc.fixed
                0x00000000        0x0 c:/program files (x86)/atmel/studio/7.0/toolchain/avr8/avr8-gnu-toolchain/bin/../lib/gcc/avr/5.4.0/avr5\libgcc.a(_epilogue.o)

Memory Configuration

Name             Origin             Length             Attributes
text             0x00000000         0x00020000         xr
data             0x00800060         0x0000ffa0         rw !x
eeprom           0x00810000         0x00010000         rw !x
fuse             0x00820000         0x00000003         rw !x
lock             0x00830000         0x00000400         rw !x
signature        0x00840000         0x00000400         rw !x
user_signatures  0x00850000         0x00000400         rw !x
*default*        0x00000000         0xffffffff

Linker script and memory map

Address of section .data set to 0x800100
LOAD C:/Program Files (x86)/Atmel/Studio/7.0/Packs/atmel/ATmega_DFP/1.2.209/gcc/dev/atmega328pb/avr5/crtatmega328pb.o
LOAD CMD/cmd.o
LOAD CMD/cmdparser.o
LOAD CMD/fsm.o
LOAD IMRP/irmp.o
LOAD main.o
LOAD UART/uart.o
START GROUP
LOAD c:/program files (x86)/atmel/studio/7.0/toolchain/avr8/avr8-gnu-toolchain/bin/../lib/gcc/avr/5.4.0/../../../../avr/lib/avr5\libm.a
END GROUP
START GROUP
LOAD c:/program files (x86)/atmel/studio/7.0/toolchain/avr8/avr8-gnu-toolchain/bin/../lib/gcc/avr/5.4.0/avr5\libgcc.a
LOAD c:/program files (x86)/atmel/studio/7.0/toolchain/avr8/avr8-gnu-toolchain/bin/../lib/gcc/avr/5.4.0/../../../../avr/lib/avr5\libm.a
LOAD c:/program files (x86)/atmel/studio/7.0/toolchain/avr8/avr8-gnu-toolchain/bin/../lib/gcc/avr/5.4.0/../../../../avr/lib/avr5\libc.a
LOAD C:/Program Files (x86)/Atmel/Studio/7.0/Packs/atmel/ATmega_DFP/1.2.209/gcc/dev/atmega328pb/avr5\libatmega328pb.a
END GROUP
                0x00020000                __TEXT_REGION_LENGTH__ = DEFINED (__TEXT_REGION_LENGTH__)?__TEXT_REGION_LENGTH__:0x20000
                0x0000ffa0                __DATA_REGION_LENGTH__ = DEFINED (__DATA_REGION_LENGTH__)?__DATA_REGION_LENGTH__:0xffa0
                0x00010000                __EEPROM_REGION_LENGTH__ = DEFINED (__EEPROM_REGION_LENGTH__)?__EEPROM_REGION_LENGTH__:0x10000
                [0x00000003]                __FUSE_REGION_LENGTH__ = DEFINED (__FUSE_REGION_LENGTH__)?__FUSE_REGION_LENGTH__:0x400
                0x00000400                __LOCK_REGION_LENGTH__ = DEFINED (__LOCK_REGION_LENGTH__)?__LOCK_REGION_LENGTH__:0x400
                0x00000400                __SIGNATURE_REGION_LENGTH__ = DEFINED (__SIGNATURE_REGION_LENGTH__)?__SIGNATURE_REGION_LENGTH__:0x400
                0x00000400                __USER_SIGNATURE_REGION_LENGTH__ = DEFINED (__USER_SIGNATURE_REGION_LENGTH__)?__USER_SIGNATURE_REGION_LENGTH__:0x400

.hash
 *(.hash)

.dynsym
 *(.dynsym)

.dynstr
 *(.dynstr)

.gnu.version
 *(.gnu.version)

.gnu.version_d
 *(.gnu.version_d)

.gnu.version_r
 *(.gnu.version_r)

.rel.init
 *(.rel.init)

.rela.init
 *(.rela.init)

.rel.text
 *(.rel.text)
 *(.rel.text.*)
 *(.rel.gnu.linkonce.t*)

.rela.text
 *(.rela.text)
 *(.rela.text.*)
 *(.rela.gnu.linkonce.t*)

.rel.fini
 *(.rel.fini)

.rela.fini
 *(.rela.fini)

.rel.rodata
 *(.rel.rodata)
 *(.rel.rodata.*)
 *(.rel.gnu.linkonce.r*)

.rela.rodata
 *(.rela.rodata)
 *(.rela.rodata.*)
 *(.rela.gnu.linkonce.r*)

.rel.data
 *(.rel.data)
 *(.rel.data.*)
 *(.rel.gnu.linkonce.d*)

.rela.data
 *(.rela.data)
 *(.rela.data.*)
 *(.rela.gnu.linkonce.d*)

.rel.ctors
 *(.rel.ctors)

.rela.ctors
 *(.rela.ctors)

.rel.dtors
 *(.rel.dtors)

.rela.dtors
 *(.rela.dtors)

.rel.got
 *(.rel.got)

.rela.got
 *(.rela.got)

.rel.bss
 *(.rel.bss)

.rela.bss
 *(.rela.bss)

.rel.plt
 *(.rel.plt)

.rela.plt
 *(.rela.plt)

.text           0x00000000     0x3566
 *(.vectors)
 .vectors       0x00000000       0xb4 C:/Program Files (x86)/Atmel/Studio/7.0/Packs/atmel/ATmega_DFP/1.2.209/gcc/dev/atmega328pb/avr5/crtatmega328pb.o
                0x00000000                __vector_default
                0x00000000                __vectors
 *(.vectors)
 *(.progmem.gcc*)
 .progmem.gcc_sw_table.fsm
                0x000000b4        0xe CMD/fsm.o
                0x000000c2                . = ALIGN (0x2)
                0x000000c2                __trampolines_start = .
 *(.trampolines)
 .trampolines   0x000000c2        0x0 linker stubs
 *(.trampolines*)
                0x000000c2                __trampolines_end = .
 *libprintf_flt.a:*(.progmem.data)
 *libc.a:*(.progmem.data)
 *(.progmem*)
 .progmem.data.__c.2827
                0x000000c2       0x14 CMD/cmd.o
 .progmem.data.__c.2825
                0x000000d6        0xf CMD/cmd.o
 .progmem.data.__c.2823
                0x000000e5        0xe CMD/cmd.o
 .progmem.data.__c.2821
                0x000000f3       0x1a CMD/cmd.o
 .progmem.data.__c.2815
                0x0000010d       0x14 CMD/cmd.o
 .progmem.data.__c.2813
                0x00000121        0xe CMD/cmd.o
 .progmem.data.__c.2811
                0x0000012f        0xd CMD/cmd.o
 .progmem.data.__c.2809
                0x0000013c       0x1a CMD/cmd.o
 .progmem.data.__c.2800
                0x00000156        0x3 CMD/cmd.o
 .progmem.data.__c.2790
                0x00000159        0x4 CMD/cmd.o
 .progmem.data.__c.2784
                0x0000015d        0x4 CMD/cmd.o
 .progmem.data.__c.2763
                0x00000161       0x43 CMD/cmd.o
 .progmem.data.__c.2761
                0x000001a4       0x1a CMD/cmd.o
 .progmem.data.__c.2755
                0x000001be        0xb CMD/cmd.o
 .progmem.data.__c.2749
                0x000001c9       0x16 CMD/cmd.o
 .progmem.data.__c.2745
                0x000001df        0x3 CMD/cmd.o
 .progmem.data.__c.2743
                0x000001e2       0x18 CMD/cmd.o
 .progmem.data.__c.2741
                0x000001fa       0x2f CMD/cmd.o
 .progmem.data.__c.2739
                0x00000229       0x1a CMD/cmd.o
 .progmem.data.__c.2733
                0x00000243        0x3 CMD/cmd.o
 .progmem.data.__c.2731
                0x00000246        0xd CMD/cmd.o
 .progmem.data.__c.2729
                0x00000253        0xf CMD/cmd.o
 .progmem.data.__c.2727
                0x00000262        0xf CMD/cmd.o
 .progmem.data.__c.2725
                0x00000271        0xd CMD/cmd.o
 .progmem.data.__c.2722
                0x0000027e       0x1b CMD/cmd.o
 .progmem.data.__c.2720
                0x00000299       0x15 CMD/cmd.o
 .progmem.data.__c.2718
                0x000002ae       0x16 CMD/cmd.o
 .progmem.data.__c.2716
                0x000002c4        0x3 CMD/cmd.o
 .progmem.data.__c.2711
                0x000002c7        0xd CMD/cmd.o
 .progmem.data.__c.2709
                0x000002d4       0x29 CMD/cmd.o
 .progmem.data.__c.2703
                0x000002fd       0x3a CMD/cmd.o
 .progmem.data.__c.2701
                0x00000337       0x32 CMD/cmd.o
 .progmem.data.__c.2695
                0x00000369       0x34 CMD/cmd.o
 .progmem.data.__c.2679
                0x0000039d        0x3 CMD/cmd.o
 .progmem.data.__c.2677
                0x000003a0       0x13 CMD/cmd.o
 .progmem.data.__c.2672
                0x000003b3       0x19 CMD/cmd.o
 .progmem.data.__c.2667
                0x000003cc        0x3 CMD/cmd.o
 .progmem.data.__c.2665
                0x000003cf        0x7 CMD/cmd.o
 .progmem.data.__c.2662
                0x000003d6        0x3 CMD/cmd.o
 .progmem.data.__c.2660
                0x000003d9        0x7 CMD/cmd.o
 .progmem.data.__c.2656
                0x000003e0       0x12 CMD/cmd.o
 .progmem.data.__c.2654
                0x000003f2       0x1a CMD/cmd.o
 .progmem.data.__c.2648
                0x0000040c       0x13 CMD/cmd.o
 .progmem.data.__c.2646
                0x0000041f       0x26 CMD/cmd.o
 .progmem.data.__c.2640
                0x00000445       0x11 CMD/cmd.o
 .progmem.data.__c.2638
                0x00000456       0x24 CMD/cmd.o
 .progmem.data.__c.2590
                0x0000047a        0x3 CMD/cmd.o
 .progmem.data.__c.2583
                0x0000047d        0xc CMD/cmd.o
 .progmem.data.poti_log_curve
                0x00000489       0x66 CMD/cmd.o
                0x00000489                poti_log_curve
 .progmem.data.__c.2620
                0x000004ef       0x17 CMD/cmdparser.o
 .progmem.data.__c.2618
                0x00000506       0x1f CMD/cmdparser.o
 .progmem.data.__c.2616
                0x00000525       0x1d CMD/cmdparser.o
 .progmem.data.__c.2614
                0x00000542       0x1b CMD/cmdparser.o
 .progmem.data.__c.2601
                0x0000055d       0x1c CMD/cmdparser.o
 .progmem.data.__c.2589
                0x00000579       0x22 CMD/cmdparser.o
 .progmem.data.__c.2585
                0x0000059b       0x1c CMD/cmdparser.o
 .progmem.data.__c.2583
                0x000005b7       0x23 CMD/cmdparser.o
 .progmem.data.__c.2580
                0x000005da       0x3e CMD/cmdparser.o
 .progmem.data.__c.2578
                0x00000618       0x13 CMD/cmdparser.o
 .progmem.data.__c.2636
                0x0000062b       0x17 CMD/fsm.o
 .progmem.data.__c.2632
                0x00000642       0x16 CMD/fsm.o
 .progmem.data.__c.2629
                0x00000658       0x16 CMD/fsm.o
 .progmem.data.__c.2626
                0x0000066e       0x16 CMD/fsm.o
 .progmem.data.__c.2623
                0x00000684       0x16 CMD/fsm.o
 .progmem.data.__c.2615
                0x0000069a        0x3 CMD/fsm.o
 .progmem.data.__c.2613
                0x0000069d        0xd CMD/fsm.o
 .progmem.data.__c.2611
                0x000006aa        0xf CMD/fsm.o
 .progmem.data.__c.2609
                0x000006b9        0xf CMD/fsm.o
 .progmem.data.__c.2607
                0x000006c8        0xd CMD/fsm.o
 .progmem.data.rcii_param
                0x000006d5       0x11 IMRP/irmp.o
 .progmem.data.rc5_param
                0x000006e6       0x11 IMRP/irmp.o
 .progmem.data.kaseikyo_param
                0x000006f7       0x11 IMRP/irmp.o
 .progmem.data.samsung_param
                0x00000708       0x11 IMRP/irmp.o
 .progmem.data.nec_rep_param
                0x00000719       0x11 IMRP/irmp.o
 .progmem.data.nec_param
                0x0000072a       0x11 IMRP/irmp.o
 .progmem.data.sircs_param
                0x0000073b       0x11 IMRP/irmp.o
 .progmem.data.irmp_protocol_names
                0x0000074c       0x70 IMRP/irmp.o
                0x0000074c                irmp_protocol_names
 .progmem.data.proto_radio1
                0x000007bc        0x7 IMRP/irmp.o
 .progmem.data.proto_rcii
                0x000007c3        0x5 IMRP/irmp.o
 .progmem.data.proto_gree
                0x000007c8        0x5 IMRP/irmp.o
 .progmem.data.proto_irmp16
                0x000007cd        0x7 IMRP/irmp.o
 .progmem.data.proto_samsungah
                0x000007d4        0xa IMRP/irmp.o
 .progmem.data.proto_vincent
                0x000007de        0x8 IMRP/irmp.o
 .progmem.data.proto_mitsu_heavy
                0x000007e6        0xc IMRP/irmp.o
 .progmem.data.proto_panasonic
                0x000007f2        0xa IMRP/irmp.o
 .progmem.data.proto_technics
                0x000007fc        0x9 IMRP/irmp.o
 .progmem.data.proto_acp24
                0x00000805        0x6 IMRP/irmp.o
 .progmem.data.proto_s100
                0x0000080b        0x5 IMRP/irmp.o
 .progmem.data.proto_fan
                0x00000810        0x4 IMRP/irmp.o
 .progmem.data.proto_pentax
                0x00000814        0x7 IMRP/irmp.o
 .progmem.data.proto_merlin
                0x0000081b        0x7 IMRP/irmp.o
 .progmem.data.proto_samsung48
                0x00000822        0x8 IMRP/irmp.o
 .progmem.data.proto_lgair
                0x0000082a        0x6 IMRP/irmp.o
 .progmem.data.proto_speaker
                0x00000830        0x8 IMRP/irmp.o
 .progmem.data.proto_rcmm12
                0x00000838        0x7 IMRP/irmp.o
 .progmem.data.proto_rcmm24
                0x0000083f        0x7 IMRP/irmp.o
 .progmem.data.proto_rcmm32
                0x00000846        0x7 IMRP/irmp.o
 .progmem.data.proto_roomba
                0x0000084d        0x7 IMRP/irmp.o
 .progmem.data.proto_telefunken
                0x00000854        0xb IMRP/irmp.o
 .progmem.data.proto_ortek
                0x0000085f        0x6 IMRP/irmp.o
 .progmem.data.proto_a1tvbox
                0x00000865        0x8 IMRP/irmp.o
 .progmem.data.proto_bose
                0x0000086d        0x5 IMRP/irmp.o
 .progmem.data.proto_thomson
                0x00000872        0x8 IMRP/irmp.o
 .progmem.data.proto_lego
                0x0000087a        0x5 IMRP/irmp.o
 .progmem.data.proto_nec42
                0x0000087f        0x6 IMRP/irmp.o
 .progmem.data.proto_nec16
                0x00000885        0x6 IMRP/irmp.o
 .progmem.data.proto_netbox
                0x0000088b        0x7 IMRP/irmp.o
 .progmem.data.proto_kathrein
                0x00000892        0x9 IMRP/irmp.o
 .progmem.data.proto_ir60
                0x0000089b        0x5 IMRP/irmp.o
 .progmem.data.proto_ruwido
                0x000008a0        0x7 IMRP/irmp.o
 .progmem.data.proto_nikon
                0x000008a7        0x6 IMRP/irmp.o
 .progmem.data.proto_rc6a
                0x000008ad        0x5 IMRP/irmp.o
 .progmem.data.proto_jvc
                0x000008b2        0x4 IMRP/irmp.o
 .progmem.data.proto_rccar
                0x000008b6        0x6 IMRP/irmp.o
 .progmem.data.proto_fdc
                0x000008bc        0x4 IMRP/irmp.o
 .progmem.data.proto_siemens
                0x000008c0        0x8 IMRP/irmp.o
 .progmem.data.proto_nokia
                0x000008c8        0x6 IMRP/irmp.o
 .progmem.data.proto_grundig
                0x000008ce        0x8 IMRP/irmp.o
 .progmem.data.proto_bang_olufsen
                0x000008d6        0x9 IMRP/irmp.o
 .progmem.data.proto_nubert
                0x000008df        0x7 IMRP/irmp.o
 .progmem.data.proto_recs80ext
                0x000008e6        0x9 IMRP/irmp.o
 .progmem.data.proto_apple
                0x000008ef        0x6 IMRP/irmp.o
 .progmem.data.proto_samsung32
                0x000008f5        0x8 IMRP/irmp.o
 .progmem.data.proto_rc6
                0x000008fd        0x4 IMRP/irmp.o
 .progmem.data.proto_denon
                0x00000901        0x6 IMRP/irmp.o
 .progmem.data.proto_rc5
                0x00000907        0x4 IMRP/irmp.o
 .progmem.data.proto_recs80
                0x0000090b        0x7 IMRP/irmp.o
 .progmem.data.proto_kaseikyo
                0x00000912        0x9 IMRP/irmp.o
 .progmem.data.proto_matsushita
                0x0000091b        0x8 IMRP/irmp.o
 .progmem.data.proto_samsung
                0x00000923        0x8 IMRP/irmp.o
 .progmem.data.proto_nec
                0x0000092b        0x4 IMRP/irmp.o
 .progmem.data.proto_sircs
                0x0000092f        0x6 IMRP/irmp.o
 .progmem.data.proto_unknown
                0x00000935        0x8 IMRP/irmp.o
 .progmem.data.__c.2451
                0x0000093d        0x3 main.o
 .progmem.data.__c.2449
                0x00000940        0x5 main.o
 .progmem.data.__c.2447
                0x00000945       0x1e main.o
                0x00000964                . = ALIGN (0x2)
 *fill*         0x00000963        0x1 
 *(.jumptables)
 *(.jumptables*)
 *(.lowtext)
 *(.lowtext*)
                0x00000964                __ctors_start = .
 *(.ctors)
                0x00000964                __ctors_end = .
                0x00000964                __dtors_start = .
 *(.dtors)
                0x00000964                __dtors_end = .
 SORT(*)(.ctors)
 SORT(*)(.dtors)
 *(.init0)
 .init0         0x00000964        0x0 C:/Program Files (x86)/Atmel/Studio/7.0/Packs/atmel/ATmega_DFP/1.2.209/gcc/dev/atmega328pb/avr5/crtatmega328pb.o
                0x00000964                __init
 *(.init0)
 *(.init1)
 *(.init1)
 *(.init2)
 .init2         0x00000964        0xc C:/Program Files (x86)/Atmel/Studio/7.0/Packs/atmel/ATmega_DFP/1.2.209/gcc/dev/atmega328pb/avr5/crtatmega328pb.o
 *(.init2)
 *(.init3)
 *(.init3)
 *(.init4)
 .init4         0x00000970       0x16 c:/program files (x86)/atmel/studio/7.0/toolchain/avr8/avr8-gnu-toolchain/bin/../lib/gcc/avr/5.4.0/avr5\libgcc.a(_copy_data.o)
                0x00000970                __do_copy_data
 .init4         0x00000986       0x10 c:/program files (x86)/atmel/studio/7.0/toolchain/avr8/avr8-gnu-toolchain/bin/../lib/gcc/avr/5.4.0/avr5\libgcc.a(_clear_bss.o)
                0x00000986                __do_clear_bss
 *(.init4)
 *(.init5)
 *(.init5)
 *(.init6)
 *(.init6)
 *(.init7)
 *(.init7)
 *(.init8)
 *(.init8)
 *(.init9)
 .init9         0x00000996        0x8 C:/Program Files (x86)/Atmel/Studio/7.0/Packs/atmel/ATmega_DFP/1.2.209/gcc/dev/atmega328pb/avr5/crtatmega328pb.o
 *(.init9)
 *(.text)
 .text          0x0000099e        0x4 C:/Program Files (x86)/Atmel/Studio/7.0/Packs/atmel/ATmega_DFP/1.2.209/gcc/dev/atmega328pb/avr5/crtatmega328pb.o
                0x0000099e                __vector_38
                0x0000099e                __vector_22
                0x0000099e                __vector_28
                0x0000099e                __vector_1
                0x0000099e                __vector_32
                0x0000099e                __vector_34
                0x0000099e                __vector_24
                0x0000099e                __vector_12
                0x0000099e                __bad_interrupt
                0x0000099e                __vector_6
                0x0000099e                __vector_31
                0x0000099e                __vector_35
                0x0000099e                __vector_39
                0x0000099e                __vector_3
                0x0000099e                __vector_23
                0x0000099e                __vector_30
                0x0000099e                __vector_25
                0x0000099e                __vector_13
                0x0000099e                __vector_17
                0x0000099e                __vector_7
                0x0000099e                __vector_41
                0x0000099e                __vector_43
                0x0000099e                __vector_27
                0x0000099e                __vector_5
                0x0000099e                __vector_37
                0x0000099e                __vector_4
                0x0000099e                __vector_44
                0x0000099e                __vector_9
                0x0000099e                __vector_2
                0x0000099e                __vector_15
                0x0000099e                __vector_36
                0x0000099e                __vector_29
                0x0000099e                __vector_40
                0x0000099e                __vector_8
                0x0000099e                __vector_26
                0x0000099e                __vector_14
                0x0000099e                __vector_10
                0x0000099e                __vector_16
                0x0000099e                __vector_20
                0x0000099e                __vector_42
                0x000009a2                . = ALIGN (0x2)
 *(.text.*)
 .text.itoh     0x000009a2       0x42 CMD/cmd.o
                0x000009a2                itoh
 .text.getadcval
                0x000009e4       0x52 CMD/cmd.o
                0x000009e4                getadcval
 .text.inc_timer_start
                0x00000a36       0x22 CMD/cmd.o
                0x00000a36                inc_timer_start
 .text.inc_timer_stop
                0x00000a58       0x10 CMD/cmd.o
                0x00000a58                inc_timer_stop
 .text.inc_timer_rst
                0x00000a68        0xa CMD/cmd.o
                0x00000a68                inc_timer_rst
 .text.set_motor_off
                0x00000a72       0x18 CMD/cmd.o
                0x00000a72                set_motor_off
 .text.chk_adc_range
                0x00000a8a       0x18 CMD/cmd.o
                0x00000a8a                chk_adc_range
 .text.volup    0x00000aa2       0x22 CMD/cmd.o
                0x00000aa2                volup
 .text.voldown  0x00000ac4       0x22 CMD/cmd.o
                0x00000ac4                voldown
 .text.setvolume
                0x00000ae6      0x110 CMD/cmd.o
                0x00000ae6                setvolume
 .text.error_led
                0x00000bf6        0xc CMD/cmd.o
                0x00000bf6                error_led
 .text.get_motor_stat
                0x00000c02       0x3c CMD/cmd.o
                0x00000c02                get_motor_stat
 .text.set_motor_cw
                0x00000c3e       0x30 CMD/cmd.o
                0x00000c3e                set_motor_cw
 .text.set_motor_ccw
                0x00000c6e       0x3a CMD/cmd.o
                0x00000c6e                set_motor_ccw
 .text.regrem   0x00000ca8      0x2b6 CMD/cmd.o
                0x00000ca8                regrem
 .text.delrem   0x00000f5e      0x146 CMD/cmd.o
                0x00000f5e                delrem
 .text.showrem  0x000010a4      0x2ba CMD/cmd.o
                0x000010a4                showrem
 .text.set5vled
                0x0000135e       0x58 CMD/cmd.o
                0x0000135e                set5vled
 .text.set3v3led
                0x000013b6       0x58 CMD/cmd.o
                0x000013b6                set3v3led
 .text.cmd_parser
                0x0000140e      0x1ba CMD/cmdparser.o
                0x0000140e                cmd_parser
 .text.peek_volctrl
                0x000015c8       0x8e CMD/cmdparser.o
                0x000015c8                peek_volctrl
 .text.uart0_errchk
                0x00001656       0x50 CMD/cmdparser.o
                0x00001656                uart0_errchk
 .text.uart0_getln
                0x000016a6       0xba CMD/cmdparser.o
                0x000016a6                uart0_getln
 .text.get_ir_cmd_idx
                0x00001760       0xd6 CMD/fsm.o
                0x00001760                get_ir_cmd_idx
 .text.check_for_new_cmds_volupdown_act
                0x00001836       0xaa CMD/fsm.o
                0x00001836                check_for_new_cmds_volupdown_act
 .text.fsm      0x000018e0      0x41e CMD/fsm.o
                0x000018e0                fsm
 .text.irmp_store_bit
                0x00001cfe      0x1aa IMRP/irmp.o
 .text.irmp_init
                0x00001ea8        0x6 IMRP/irmp.o
                0x00001ea8                irmp_init
 .text.irmp_get_data
                0x00001eae      0x180 IMRP/irmp.o
                0x00001eae                irmp_get_data
 .text.irmp_ISR
                0x0000202e      0x798 IMRP/irmp.o
                0x0000202e                irmp_ISR
 .text.timer3_init
                0x000027c6       0x1a main.o
                0x000027c6                timer3_init
 .text.adc0_init
                0x000027e0       0x1a main.o
                0x000027e0                adc0_init
 .text.__vector_11
                0x000027fa       0x48 main.o
                0x000027fa                __vector_11
 .text.__vector_33
                0x00002842       0x48 main.o
                0x00002842                __vector_33
 .text.__vector_21
                0x0000288a       0x2c main.o
                0x0000288a                __vector_21
 .text.main     0x000028b6       0xb4 main.o
                0x000028b6                main
 .text.__vector_18
                0x0000296a       0x6a UART/uart.o
                0x0000296a                __vector_18
 .text.__vector_19
                0x000029d4       0x58 UART/uart.o
                0x000029d4                __vector_19
 .text.uart0_init
                0x00002a2c       0x36 UART/uart.o
                0x00002a2c                uart0_init
 .text.uart0_getc
                0x00002a62       0x40 UART/uart.o
                0x00002a62                uart0_getc
 .text.uart0_putc
                0x00002aa2       0x32 UART/uart.o
                0x00002aa2                uart0_putc
 .text.uart0_puts
                0x00002ad4       0x1e UART/uart.o
                0x00002ad4                uart0_puts
 .text.uart0_puts_p
                0x00002af2       0x24 UART/uart.o
                0x00002af2                uart0_puts_p
 .text.uart0_available
                0x00002b16       0x1c UART/uart.o
                0x00002b16                uart0_available
 .text.libgcc   0x00002b32        0xc c:/program files (x86)/atmel/studio/7.0/toolchain/avr8/avr8-gnu-toolchain/bin/../lib/gcc/avr/5.4.0/avr5\libgcc.a(_tablejump2.o)
                0x00002b32                __tablejump2__
 .text.avr-libc
                0x00002b3e      0x242 c:/program files (x86)/atmel/studio/7.0/toolchain/avr8/avr8-gnu-toolchain/bin/../lib/gcc/avr/5.4.0/../../../../avr/lib/avr5\libc.a(malloc.o)
                0x00002b3e                malloc
                0x00002c6e                free
 .text.avr-libc
                0x00002d80       0x3c c:/program files (x86)/atmel/studio/7.0/toolchain/avr8/avr8-gnu-toolchain/bin/../lib/gcc/avr/5.4.0/../../../../avr/lib/avr5\libc.a(atoi.o)
                0x00002d80                atoi
 .text.avr-libc
                0x00002dbc       0x12 c:/program files (x86)/atmel/studio/7.0/toolchain/avr8/avr8-gnu-toolchain/bin/../lib/gcc/avr/5.4.0/../../../../avr/lib/avr5\libc.a(memcpy_P.o)
                0x00002dbc                memcpy_P
 .text.avr-libc
                0x00002dce        0xe c:/program files (x86)/atmel/studio/7.0/toolchain/avr8/avr8-gnu-toolchain/bin/../lib/gcc/avr/5.4.0/../../../../avr/lib/avr5\libc.a(strcpy_P.o)
                0x00002dce                strcpy_P
 .text.avr-libc
                0x00002ddc        0xa c:/program files (x86)/atmel/studio/7.0/toolchain/avr8/avr8-gnu-toolchain/bin/../lib/gcc/avr/5.4.0/../../../../avr/lib/avr5\libc.a(strtok.o)
                0x00002ddc                strtok
 .text.avr-libc
                0x00002de6       0x1a c:/program files (x86)/atmel/studio/7.0/toolchain/avr8/avr8-gnu-toolchain/bin/../lib/gcc/avr/5.4.0/../../../../avr/lib/avr5\libc.a(memcmp.o)
                0x00002de6                memcmp
 .text.avr-libc
                0x00002e00       0x16 c:/program files (x86)/atmel/studio/7.0/toolchain/avr8/avr8-gnu-toolchain/bin/../lib/gcc/avr/5.4.0/../../../../avr/lib/avr5\libc.a(strcat.o)
                0x00002e00                strcat
 .text.avr-libc
                0x00002e16       0x12 c:/program files (x86)/atmel/studio/7.0/toolchain/avr8/avr8-gnu-toolchain/bin/../lib/gcc/avr/5.4.0/../../../../avr/lib/avr5\libc.a(strcmp.o)
                0x00002e16                strcmp
 .text.avr-libc
                0x00002e28        0xe c:/program files (x86)/atmel/studio/7.0/toolchain/avr8/avr8-gnu-toolchain/bin/../lib/gcc/avr/5.4.0/../../../../avr/lib/avr5\libc.a(strcpy.o)
                0x00002e28                strcpy
 .text.avr-libc
                0x00002e36       0x14 c:/program files (x86)/atmel/studio/7.0/toolchain/avr8/avr8-gnu-toolchain/bin/../lib/gcc/avr/5.4.0/../../../../avr/lib/avr5\libc.a(strlwr.o)
                0x00002e36                strlwr
 .text.avr-libc
                0x00002e4a       0x1c c:/program files (x86)/atmel/studio/7.0/toolchain/avr8/avr8-gnu-toolchain/bin/../lib/gcc/avr/5.4.0/../../../../avr/lib/avr5\libc.a(strncmp.o)
                0x00002e4a                strncmp
 .text.avr-libc
                0x00002e66       0x4e c:/program files (x86)/atmel/studio/7.0/toolchain/avr8/avr8-gnu-toolchain/bin/../lib/gcc/avr/5.4.0/../../../../avr/lib/avr5\libc.a(strtok_r.o)
                0x00002e66                strtok_r
 .text.avr-libc
                0x00002eb4       0x16 c:/program files (x86)/atmel/studio/7.0/toolchain/avr8/avr8-gnu-toolchain/bin/../lib/gcc/avr/5.4.0/../../../../avr/lib/avr5\libc.a(itoa_ncheck.o)
                0x00002eb4                __itoa_ncheck
 .text.avr-libc
                0x00002eca       0x10 c:/program files (x86)/atmel/studio/7.0/toolchain/avr8/avr8-gnu-toolchain/bin/../lib/gcc/avr/5.4.0/../../../../avr/lib/avr5\libc.a(mul10.o)
                0x00002eca                __mulhi_const_10
 .text.avr-libc
                0x00002eda       0x34 c:/program files (x86)/atmel/studio/7.0/toolchain/avr8/avr8-gnu-toolchain/bin/../lib/gcc/avr/5.4.0/../../../../avr/lib/avr5\libc.a(utoa_ncheck.o)
                0x00002eda                __utoa_ncheck
                0x00002edc                __utoa_common
 .text.avr-libc
                0x00002f0e      0x3c2 c:/program files (x86)/atmel/studio/7.0/toolchain/avr8/avr8-gnu-toolchain/bin/../lib/gcc/avr/5.4.0/../../../../avr/lib/avr5\libc.a(vfprintf_std.o)
                0x00002f0e                vfprintf
 .text.avr-libc
                0x000032d0       0x16 c:/program files (x86)/atmel/studio/7.0/toolchain/avr8/avr8-gnu-toolchain/bin/../lib/gcc/avr/5.4.0/../../../../avr/lib/avr5\libc.a(strnlen_P.o)
                0x000032d0                strnlen_P
 .text.avr-libc
                0x000032e6       0x16 c:/program files (x86)/atmel/studio/7.0/toolchain/avr8/avr8-gnu-toolchain/bin/../lib/gcc/avr/5.4.0/../../../../avr/lib/avr5\libc.a(strnlen.o)
                0x000032e6                strnlen
 .text.avr-libc
                0x000032fc       0x20 c:/program files (x86)/atmel/studio/7.0/toolchain/avr8/avr8-gnu-toolchain/bin/../lib/gcc/avr/5.4.0/../../../../avr/lib/avr5\libc.a(strrev.o)
                0x000032fc                strrev
 .text.avr-libc
                0x0000331c       0x78 c:/program files (x86)/atmel/studio/7.0/toolchain/avr8/avr8-gnu-toolchain/bin/../lib/gcc/avr/5.4.0/../../../../avr/lib/avr5\libc.a(fputc.o)
                0x0000331c                fputc
 .text.avr-libc
                0x00003394       0xbc c:/program files (x86)/atmel/studio/7.0/toolchain/avr8/avr8-gnu-toolchain/bin/../lib/gcc/avr/5.4.0/../../../../avr/lib/avr5\libc.a(ultoa_invert.o)
                0x00003394                __ultoa_invert
 .text.avr-libc
                0x00003450       0x20 C:/Program Files (x86)/Atmel/Studio/7.0/Packs/atmel/ATmega_DFP/1.2.209/gcc/dev/atmega328pb/avr5\libatmega328pb.a(eerd_block.o)
                0x00003450                eeprom_read_block
                0x00003454                eeprom_read_blraw
 .text.avr-libc
                0x00003470       0x10 C:/Program Files (x86)/Atmel/Studio/7.0/Packs/atmel/ATmega_DFP/1.2.209/gcc/dev/atmega328pb/avr5\libatmega328pb.a(eerd_byte.o)
                0x00003470                eeprom_read_byte
 .text.avr-libc
                0x00003480       0x20 C:/Program Files (x86)/Atmel/Studio/7.0/Packs/atmel/ATmega_DFP/1.2.209/gcc/dev/atmega328pb/avr5\libatmega328pb.a(eeupd_block.o)
                0x00003480                eeprom_update_block
 .text.avr-libc
                0x000034a0       0x24 C:/Program Files (x86)/Atmel/Studio/7.0/Packs/atmel/ATmega_DFP/1.2.209/gcc/dev/atmega328pb/avr5\libatmega328pb.a(eeupd_byte.o)
                0x000034a0                eeprom_update_byte
                0x000034a2                eeprom_update_r18
 .text.avr-libc
                0x000034c4       0x14 C:/Program Files (x86)/Atmel/Studio/7.0/Packs/atmel/ATmega_DFP/1.2.209/gcc/dev/atmega328pb/avr5\libatmega328pb.a(eewr_block.o)
                0x000034c4                eeprom_write_block
 .text.avr-libc
                0x000034d8       0x1c C:/Program Files (x86)/Atmel/Studio/7.0/Packs/atmel/ATmega_DFP/1.2.209/gcc/dev/atmega328pb/avr5\libatmega328pb.a(eewr_byte.o)
                0x000034d8                eeprom_write_byte
                0x000034da                eeprom_write_r18
 .text.libgcc.prologue
                0x000034f4       0x38 c:/program files (x86)/atmel/studio/7.0/toolchain/avr8/avr8-gnu-toolchain/bin/../lib/gcc/avr/5.4.0/avr5\libgcc.a(_prologue.o)
                0x000034f4                __prologue_saves__
 .text.libgcc.prologue
                0x0000352c       0x36 c:/program files (x86)/atmel/studio/7.0/toolchain/avr8/avr8-gnu-toolchain/bin/../lib/gcc/avr/5.4.0/avr5\libgcc.a(_epilogue.o)
                0x0000352c                __epilogue_restores__
                0x00003562                . = ALIGN (0x2)
 *(.fini9)
 .fini9         0x00003562        0x0 c:/program files (x86)/atmel/studio/7.0/toolchain/avr8/avr8-gnu-toolchain/bin/../lib/gcc/avr/5.4.0/avr5\libgcc.a(_exit.o)
                0x00003562                _exit
                0x00003562                exit
 *(.fini9)
 *(.fini8)
 *(.fini8)
 *(.fini7)
 *(.fini7)
 *(.fini6)
 *(.fini6)
 *(.fini5)
 *(.fini5)
 *(.fini4)
 *(.fini4)
 *(.fini3)
 *(.fini3)
 *(.fini2)
 *(.fini2)
 *(.fini1)
 *(.fini1)
 *(.fini0)
 .fini0         0x00003562        0x4 c:/program files (x86)/atmel/studio/7.0/toolchain/avr8/avr8-gnu-toolchain/bin/../lib/gcc/avr/5.4.0/avr5\libgcc.a(_exit.o)
 *(.fini0)
                0x00003566                _etext = .

.data           0x00800100       0x90 load address 0x00003566
                0x00800100                PROVIDE (__data_start, .)
 *(.data)
 .data          0x00800100        0x6 c:/program files (x86)/atmel/studio/7.0/toolchain/avr8/avr8-gnu-toolchain/bin/../lib/gcc/avr/5.4.0/../../../../avr/lib/avr5\libc.a(malloc.o)
                0x00800100                __malloc_heap_end
                0x00800102                __malloc_heap_start
                0x00800104                __malloc_margin
 *(.data*)
 .data.last_irmp_command.2356
                0x00800106        0x2 IMRP/irmp.o
 .data.last_irmp_address.2355
                0x00800108        0x2 IMRP/irmp.o
 .data.cmd_set  0x0080010a       0x75 main.o
                0x0080010a                cmd_set
 *(.gnu.linkonce.d*)
 *(.rodata)
 *(.rodata*)
 .rodata.str1.1
                0x0080017f       0x11 CMD/cmd.o
 *(.gnu.linkonce.r*)
                0x00800190                . = ALIGN (0x2)
                0x00800190                _edata = .
                0x00800190                PROVIDE (__data_end, .)

.bss            0x00800190      0x37f
                0x00800190                PROVIDE (__bss_start, .)
 *(.bss)
 .bss           0x00800190        0x2 c:/program files (x86)/atmel/studio/7.0/toolchain/avr8/avr8-gnu-toolchain/bin/../lib/gcc/avr/5.4.0/../../../../avr/lib/avr5\libc.a(strtok.o)
 *(.bss*)
 .bss.uart0_line_buf_len.2598
                0x00800192        0x1 CMD/cmdparser.o
 .bss.cmd_idx_tmp_stat
                0x00800193        0x1 CMD/fsm.o
 .bss.cmd_idx_tmp
                0x00800194        0x1 CMD/fsm.o
 .bss.ir_key_tmp
                0x00800195        0x5 CMD/fsm.o
 .bss.tmp_cmd_str
                0x0080019a       0x28 CMD/fsm.o
 .bss.adc_val_fsm
                0x008001c2        0x2 CMD/fsm.o
 .bss.adc_run_dist
                0x008001c4        0x2 CMD/fsm.o
 .bss.repetition_frame_number.2358
                0x008001c6        0x1 IMRP/irmp.o
 .bss.waiting_for_2nd_pulse.2362
                0x008001c7        0x1 IMRP/irmp.o
 .bss.last_value.2361
                0x008001c8        0x1 IMRP/irmp.o
 .bss.last_pause.2360
                0x008001c9        0x1 IMRP/irmp.o
 .bss.key_repetition_len.2357
                0x008001ca        0x2 IMRP/irmp.o
 .bss.rc5_cmd_bit6.2359
                0x008001cc        0x1 IMRP/irmp.o
 .bss.irmp_pause_time.2354
                0x008001cd        0x1 IMRP/irmp.o
 .bss.wait_for_space.2351
                0x008001ce        0x1 IMRP/irmp.o
 .bss.wait_for_start_space.2352
                0x008001cf        0x1 IMRP/irmp.o
 .bss.irmp_pulse_time.2353
                0x008001d0        0x1 IMRP/irmp.o
 .bss.irmp_start_bit_detected.2350
                0x008001d1        0x1 IMRP/irmp.o
 .bss.genre2    0x008001d2        0x1 IMRP/irmp.o
 .bss.xor_check
                0x008001d3        0x6 IMRP/irmp.o
 .bss.irmp_tmp_id
                0x008001d9        0x2 IMRP/irmp.o
 .bss.irmp_tmp_command
                0x008001db        0x2 IMRP/irmp.o
 .bss.irmp_tmp_address
                0x008001dd        0x2 IMRP/irmp.o
 .bss.irmp_flags
                0x008001df        0x1 IMRP/irmp.o
 .bss.irmp_id   0x008001e0        0x2 IMRP/irmp.o
 .bss.irmp_command
                0x008001e2        0x2 IMRP/irmp.o
 .bss.irmp_address
                0x008001e4        0x2 IMRP/irmp.o
 .bss.irmp_protocol
                0x008001e6        0x1 IMRP/irmp.o
 .bss.irmp_ir_detected
                0x008001e7        0x1 IMRP/irmp.o
 .bss.irmp_param
                0x008001e8       0x11 IMRP/irmp.o
 .bss.irmp_bit  0x008001f9        0x1 IMRP/irmp.o
 .bss.ir_keyset_len
                0x008001fa        0x1 main.o
                0x008001fa                ir_keyset_len
 .bss.setvol_targ
                0x008001fb        0x2 main.o
                0x008001fb                setvol_targ
 .bss.CMD_REC_IR
                0x008001fd        0x1 main.o
                0x008001fd                CMD_REC_IR
 .bss.CMD_REC_UART
                0x008001fe        0x1 main.o
                0x008001fe                CMD_REC_UART
 .bss.adc_val   0x008001ff        0x2 main.o
                0x008001ff                adc_val
 .bss.FSM_STATE
                0x00800201        0x1 main.o
                0x00800201                FSM_STATE
 .bss.inc_timer_stat
                0x00800202        0x1 main.o
                0x00800202                inc_timer_stat
 .bss.UART_LastRxError
                0x00800203        0x1 UART/uart.o
 .bss.UART_RxTail
                0x00800204        0x1 UART/uart.o
 .bss.UART_RxHead
                0x00800205        0x1 UART/uart.o
 .bss.UART_TxTail
                0x00800206        0x1 UART/uart.o
 .bss.UART_TxHead
                0x00800207        0x1 UART/uart.o
 .bss.UART_RxBuf
                0x00800208       0x80 UART/uart.o
 .bss.UART_TxBuf
                0x00800288       0x80 UART/uart.o
 *(COMMON)
 COMMON         0x00800308       0x50 CMD/cmdparser.o
                0x00800308                uart0_line_buf
 COMMON         0x00800358      0x1b3 main.o
                0x00800358                irmp_data
                0x0080035e                ir_keyset
 COMMON         0x0080050b        0x4 c:/program files (x86)/atmel/studio/7.0/toolchain/avr8/avr8-gnu-toolchain/bin/../lib/gcc/avr/5.4.0/../../../../avr/lib/avr5\libc.a(malloc.o)
                0x0080050b                __brkval
                0x0080050d                __flp
                0x0080050f                PROVIDE (__bss_end, .)
                0x00003566                __data_load_start = LOADADDR (.data)
                0x000035f6                __data_load_end = (__data_load_start + SIZEOF (.data))

.noinit         0x0080050f        0x0
                [!provide]                PROVIDE (__noinit_start, .)
 *(.noinit*)
                [!provide]                PROVIDE (__noinit_end, .)
                0x0080050f                _end = .
                0x0080050f                PROVIDE (__heap_start, .)

.eeprom         0x00810000      0x232
 *(.eeprom*)
 .eeprom        0x00810000      0x232 main.o
                0x00810000                eeprom_ir_key_desc
                0x00810082                eeprom_ir_keyset
                0x0081022f                eeprom_pwr_3v3_led
                0x00810230                eeprom_pwr_5v_led
                0x00810231                eeprom_ir_keyset_len
                0x00810232                __eeprom_end = .

.fuse
 *(.fuse)
 *(.lfuse)
 *(.hfuse)
 *(.efuse)

.lock
 *(.lock*)

.signature
 *(.signature*)

.user_signatures
 *(.user_signatures*)

.stab
 *(.stab)

.stabstr
 *(.stabstr)

.stab.excl
 *(.stab.excl)

.stab.exclstr
 *(.stab.exclstr)

.stab.index
 *(.stab.index)

.stab.indexstr
 *(.stab.indexstr)

.comment        0x00000000       0x5c
 *(.comment)
 .comment       0x00000000       0x30 CMD/cmd.o
                                 0x31 (size before relaxing)
 .comment       0x00000030       0x31 CMD/cmdparser.o
 .comment       0x00000030       0x31 CMD/fsm.o
 .comment       0x00000030       0x31 IMRP/irmp.o
 .comment       0x00000030       0x31 main.o
 .comment       0x00000030       0x31 UART/uart.o
 .comment       0x00000030       0x31 c:/program files (x86)/atmel/studio/7.0/toolchain/avr8/avr8-gnu-toolchain/bin/../lib/gcc/avr/5.4.0/../../../../avr/lib/avr5\libc.a(malloc.o)
 .comment       0x00000030       0x31 c:/program files (x86)/atmel/studio/7.0/toolchain/avr8/avr8-gnu-toolchain/bin/../lib/gcc/avr/5.4.0/../../../../avr/lib/avr5\libc.a(strtok.o)
 .comment       0x00000030       0x2c c:/program files (x86)/atmel/studio/7.0/toolchain/avr8/avr8-gnu-toolchain/bin/../lib/gcc/avr/5.4.0/../../../../avr/lib/avr5\libc.a(vfprintf_std.o)
                                 0x2d (size before relaxing)
 .comment       0x0000005c       0x31 c:/program files (x86)/atmel/studio/7.0/toolchain/avr8/avr8-gnu-toolchain/bin/../lib/gcc/avr/5.4.0/../../../../avr/lib/avr5\libc.a(fputc.o)

.note.gnu.avr.deviceinfo
                0x00000000       0x40
 .note.gnu.avr.deviceinfo
                0x00000000       0x40 C:/Program Files (x86)/Atmel/Studio/7.0/Packs/atmel/ATmega_DFP/1.2.209/gcc/dev/atmega328pb/avr5/crtatmega328pb.o

.note.gnu.build-id
 *(.note.gnu.build-id)

.debug
 *(.debug)

.line
 *(.line)

.debug_srcinfo
 *(.debug_srcinfo)

.debug_sfnames
 *(.debug_sfnames)

.debug_aranges  0x00000000      0x2c0
 *(.debug_aranges)
 .debug_aranges
                0x00000000       0xb0 CMD/cmd.o
 .debug_aranges
                0x000000b0       0x38 CMD/cmdparser.o
 .debug_aranges
                0x000000e8       0x30 CMD/fsm.o
 .debug_aranges
                0x00000118       0x38 IMRP/irmp.o
 .debug_aranges
                0x00000150       0x48 main.o
 .debug_aranges
                0x00000198       0x68 UART/uart.o
 .debug_aranges
                0x00000200       0x20 C:/Program Files (x86)/Atmel/Studio/7.0/Packs/atmel/ATmega_DFP/1.2.209/gcc/dev/atmega328pb/avr5\libatmega328pb.a(eerd_block.o)
 .debug_aranges
                0x00000220       0x20 C:/Program Files (x86)/Atmel/Studio/7.0/Packs/atmel/ATmega_DFP/1.2.209/gcc/dev/atmega328pb/avr5\libatmega328pb.a(eerd_byte.o)
 .debug_aranges
                0x00000240       0x20 C:/Program Files (x86)/Atmel/Studio/7.0/Packs/atmel/ATmega_DFP/1.2.209/gcc/dev/atmega328pb/avr5\libatmega328pb.a(eeupd_block.o)
 .debug_aranges
                0x00000260       0x20 C:/Program Files (x86)/Atmel/Studio/7.0/Packs/atmel/ATmega_DFP/1.2.209/gcc/dev/atmega328pb/avr5\libatmega328pb.a(eeupd_byte.o)
 .debug_aranges
                0x00000280       0x20 C:/Program Files (x86)/Atmel/Studio/7.0/Packs/atmel/ATmega_DFP/1.2.209/gcc/dev/atmega328pb/avr5\libatmega328pb.a(eewr_block.o)
 .debug_aranges
                0x000002a0       0x20 C:/Program Files (x86)/Atmel/Studio/7.0/Packs/atmel/ATmega_DFP/1.2.209/gcc/dev/atmega328pb/avr5\libatmega328pb.a(eewr_byte.o)

.debug_pubnames
 *(.debug_pubnames)

.debug_info     0x00000000     0x4c96
 *(.debug_info .gnu.linkonce.wi.*)
 .debug_info    0x00000000      0x8ea C:/Program Files (x86)/Atmel/Studio/7.0/Packs/atmel/ATmega_DFP/1.2.209/gcc/dev/atmega328pb/avr5/crtatmega328pb.o
 .debug_info    0x000008ea     0x17c4 CMD/cmd.o
 .debug_info    0x000020ae      0x5fd CMD/cmdparser.o
 .debug_info    0x000026ab      0xa33 CMD/fsm.o
 .debug_info    0x000030de      0xc18 IMRP/irmp.o
 .debug_info    0x00003cf6      0x607 main.o
 .debug_info    0x000042fd      0x586 UART/uart.o
 .debug_info    0x00004883       0xae C:/Program Files (x86)/Atmel/Studio/7.0/Packs/atmel/ATmega_DFP/1.2.209/gcc/dev/atmega328pb/avr5\libatmega328pb.a(eerd_block.o)
 .debug_info    0x00004931       0xad C:/Program Files (x86)/Atmel/Studio/7.0/Packs/atmel/ATmega_DFP/1.2.209/gcc/dev/atmega328pb/avr5\libatmega328pb.a(eerd_byte.o)
 .debug_info    0x000049de       0xaf C:/Program Files (x86)/Atmel/Studio/7.0/Packs/atmel/ATmega_DFP/1.2.209/gcc/dev/atmega328pb/avr5\libatmega328pb.a(eeupd_block.o)
 .debug_info    0x00004a8d       0xae C:/Program Files (x86)/Atmel/Studio/7.0/Packs/atmel/ATmega_DFP/1.2.209/gcc/dev/atmega328pb/avr5\libatmega328pb.a(eeupd_byte.o)
 .debug_info    0x00004b3b       0xae C:/Program Files (x86)/Atmel/Studio/7.0/Packs/atmel/ATmega_DFP/1.2.209/gcc/dev/atmega328pb/avr5\libatmega328pb.a(eewr_block.o)
 .debug_info    0x00004be9       0xad C:/Program Files (x86)/Atmel/Studio/7.0/Packs/atmel/ATmega_DFP/1.2.209/gcc/dev/atmega328pb/avr5\libatmega328pb.a(eewr_byte.o)

.debug_abbrev   0x00000000     0x1646
 *(.debug_abbrev)
 .debug_abbrev  0x00000000      0x86e C:/Program Files (x86)/Atmel/Studio/7.0/Packs/atmel/ATmega_DFP/1.2.209/gcc/dev/atmega328pb/avr5/crtatmega328pb.o
 .debug_abbrev  0x0000086e      0x400 CMD/cmd.o
 .debug_abbrev  0x00000c6e      0x1a4 CMD/cmdparser.o
 .debug_abbrev  0x00000e12      0x1fc CMD/fsm.o
 .debug_abbrev  0x0000100e      0x1ba IMRP/irmp.o
 .debug_abbrev  0x000011c8      0x1f7 main.o
 .debug_abbrev  0x000013bf      0x20f UART/uart.o
 .debug_abbrev  0x000015ce       0x14 C:/Program Files (x86)/Atmel/Studio/7.0/Packs/atmel/ATmega_DFP/1.2.209/gcc/dev/atmega328pb/avr5\libatmega328pb.a(eerd_block.o)
 .debug_abbrev  0x000015e2       0x14 C:/Program Files (x86)/Atmel/Studio/7.0/Packs/atmel/ATmega_DFP/1.2.209/gcc/dev/atmega328pb/avr5\libatmega328pb.a(eerd_byte.o)
 .debug_abbrev  0x000015f6       0x14 C:/Program Files (x86)/Atmel/Studio/7.0/Packs/atmel/ATmega_DFP/1.2.209/gcc/dev/atmega328pb/avr5\libatmega328pb.a(eeupd_block.o)
 .debug_abbrev  0x0000160a       0x14 C:/Program Files (x86)/Atmel/Studio/7.0/Packs/atmel/ATmega_DFP/1.2.209/gcc/dev/atmega328pb/avr5\libatmega328pb.a(eeupd_byte.o)
 .debug_abbrev  0x0000161e       0x14 C:/Program Files (x86)/Atmel/Studio/7.0/Packs/atmel/ATmega_DFP/1.2.209/gcc/dev/atmega328pb/avr5\libatmega328pb.a(eewr_block.o)
 .debug_abbrev  0x00001632       0x14 C:/Program Files (x86)/Atmel/Studio/7.0/Packs/atmel/ATmega_DFP/1.2.209/gcc/dev/atmega328pb/avr5\libatmega328pb.a(eewr_byte.o)

.debug_line     0x00000000     0x282e
 *(.debug_line .debug_line.* .debug_line_end)
 .debug_line    0x00000000      0x1a5 C:/Program Files (x86)/Atmel/Studio/7.0/Packs/atmel/ATmega_DFP/1.2.209/gcc/dev/atmega328pb/avr5/crtatmega328pb.o
 .debug_line    0x000001a5      0x9f6 CMD/cmd.o
 .debug_line    0x00000b9b      0x368 CMD/cmdparser.o
 .debug_line    0x00000f03      0x5a4 CMD/fsm.o
 .debug_line    0x000014a7      0x920 IMRP/irmp.o
 .debug_line    0x00001dc7      0x319 main.o
 .debug_line    0x000020e0      0x3b0 UART/uart.o
 .debug_line    0x00002490       0xab C:/Program Files (x86)/Atmel/Studio/7.0/Packs/atmel/ATmega_DFP/1.2.209/gcc/dev/atmega328pb/avr5\libatmega328pb.a(eerd_block.o)
 .debug_line    0x0000253b       0x7a C:/Program Files (x86)/Atmel/Studio/7.0/Packs/atmel/ATmega_DFP/1.2.209/gcc/dev/atmega328pb/avr5\libatmega328pb.a(eerd_byte.o)
 .debug_line    0x000025b5       0xa5 C:/Program Files (x86)/Atmel/Studio/7.0/Packs/atmel/ATmega_DFP/1.2.209/gcc/dev/atmega328pb/avr5\libatmega328pb.a(eeupd_block.o)
 .debug_line    0x0000265a       0xb6 C:/Program Files (x86)/Atmel/Studio/7.0/Packs/atmel/ATmega_DFP/1.2.209/gcc/dev/atmega328pb/avr5\libatmega328pb.a(eeupd_byte.o)
 .debug_line    0x00002710       0x80 C:/Program Files (x86)/Atmel/Studio/7.0/Packs/atmel/ATmega_DFP/1.2.209/gcc/dev/atmega328pb/avr5\libatmega328pb.a(eewr_block.o)
 .debug_line    0x00002790       0x9e C:/Program Files (x86)/Atmel/Studio/7.0/Packs/atmel/ATmega_DFP/1.2.209/gcc/dev/atmega328pb/avr5\libatmega328pb.a(eewr_byte.o)

.debug_frame    0x00000000      0x67c
 *(.debug_frame)
 .debug_frame   0x00000000      0x268 CMD/cmd.o
 .debug_frame   0x00000268       0xbc CMD/cmdparser.o
 .debug_frame   0x00000324       0xc0 CMD/fsm.o
 .debug_frame   0x000003e4       0x60 IMRP/irmp.o
 .debug_frame   0x00000444      0x118 main.o
 .debug_frame   0x0000055c      0x120 UART/uart.o

.debug_str      0x00000000     0x1164
 *(.debug_str)
 .debug_str     0x00000000      0x318 C:/Program Files (x86)/Atmel/Studio/7.0/Packs/atmel/ATmega_DFP/1.2.209/gcc/dev/atmega328pb/avr5/crtatmega328pb.o
 .debug_str     0x00000318      0x54f CMD/cmd.o
                                0x5fb (size before relaxing)
 .debug_str     0x00000867       0xe5 CMD/cmdparser.o
                                0x2b6 (size before relaxing)
 .debug_str     0x0000094c       0xb8 CMD/fsm.o
                                0x42e (size before relaxing)
 .debug_str     0x00000a04      0x629 IMRP/irmp.o
                                0x80c (size before relaxing)
 .debug_str     0x0000102d       0x73 main.o
                                0x3d7 (size before relaxing)
 .debug_str     0x000010a0       0xc4 UART/uart.o
                                0x2c6 (size before relaxing)

.debug_loc      0x00000000     0x2194
 *(.debug_loc)
 .debug_loc     0x00000000      0xeeb CMD/cmd.o
 .debug_loc     0x00000eeb      0x56d CMD/cmdparser.o
 .debug_loc     0x00001458      0x271 CMD/fsm.o
 .debug_loc     0x000016c9      0x34f IMRP/irmp.o
 .debug_loc     0x00001a18      0x227 main.o
 .debug_loc     0x00001c3f      0x555 UART/uart.o

.debug_macinfo
 *(.debug_macinfo)

.debug_weaknames
 *(.debug_weaknames)

.debug_funcnames
 *(.debug_funcnames)

.debug_typenames
 *(.debug_typenames)

.debug_varnames
 *(.debug_varnames)

.debug_pubtypes
 *(.debug_pubtypes)

.debug_ranges   0x00000000      0x298
 *(.debug_ranges)
 .debug_ranges  0x00000000      0x130 CMD/cmd.o
 .debug_ranges  0x00000130       0x48 CMD/cmdparser.o
 .debug_ranges  0x00000178       0x20 CMD/fsm.o
 .debug_ranges  0x00000198       0x58 IMRP/irmp.o
 .debug_ranges  0x000001f0       0x38 main.o
 .debug_ranges  0x00000228       0x70 UART/uart.o

.debug_macro
 *(.debug_macro)
OUTPUT(VolCtrl_FW.elf elf32-avr)
LOAD linker stubs
